Archive member included to satisfy reference by file (symbol)

build/lib/boards/edu-ciaa-nxp.a(armv7m_startup.o)
                              (Reset_Handler)
build/lib/boards/edu-ciaa-nxp.a(sysinit.o)
                              build/lib/boards/edu-ciaa-nxp.a(armv7m_startup.o) (SystemInit)
build/lib/boards/edu-ciaa-nxp.a(board_lpcopen.o)
                              build/lib/boards/edu-ciaa-nxp.a(sysinit.o) (Board_Init)
build/lib/boards/edu-ciaa-nxp.a(board_sysinit.o)
                              build/lib/boards/edu-ciaa-nxp.a(sysinit.o) (Board_SystemInit)
build/lib/boards/edu-ciaa-nxp.a(adc_18xx_43xx.o)
                              build/lib/boards/edu-ciaa-nxp.a(board_lpcopen.o) (Chip_ADC_Init)
build/lib/boards/edu-ciaa-nxp.a(chip_18xx_43xx.o)
                              build/lib/boards/edu-ciaa-nxp.a(board_sysinit.o) (SystemCoreClockUpdate)
build/lib/boards/edu-ciaa-nxp.a(clock_18xx_43xx.o)
                              build/lib/boards/edu-ciaa-nxp.a(chip_18xx_43xx.o) (Chip_Clock_GetClockInputHz)
build/lib/boards/edu-ciaa-nxp.a(gpio_18xx_43xx.o)
                              build/lib/boards/edu-ciaa-nxp.a(board_lpcopen.o) (Chip_GPIO_Init)
build/lib/boards/edu-ciaa-nxp.a(i2c_18xx_43xx.o)
                              build/lib/boards/edu-ciaa-nxp.a(board_lpcopen.o) (Chip_I2C_Init)
build/lib/boards/edu-ciaa-nxp.a(ssp_18xx_43xx.o)
                              build/lib/boards/edu-ciaa-nxp.a(board_lpcopen.o) (Chip_SSP_SetBitRate)
build/lib/boards/edu-ciaa-nxp.a(sysinit_18xx_43xx.o)
                              build/lib/boards/edu-ciaa-nxp.a(board_sysinit.o) (Chip_SetupCoreClock)
build/lib/boards/edu-ciaa-nxp.a(uart_18xx_43xx.o)
                              build/lib/boards/edu-ciaa-nxp.a(board_lpcopen.o) (Chip_UART_Init)
build/lib/boards/edu-ciaa-nxp.a(ring_buffer.o)
                              build/lib/boards/edu-ciaa-nxp.a(uart_18xx_43xx.o) (RingBuffer_Insert)
/usr/local/share/gcc-arm-none-eabi-10.3-2021.10/bin/../lib/gcc/arm-none-eabi/10.3.1/thumb/v7e-m+fp/softfp/libgcc.a(_aeabi_uldivmod.o)
                              build/lib/boards/edu-ciaa-nxp.a(uart_18xx_43xx.o) (__aeabi_uldivmod)
/usr/local/share/gcc-arm-none-eabi-10.3-2021.10/bin/../lib/gcc/arm-none-eabi/10.3.1/thumb/v7e-m+fp/softfp/libgcc.a(_udivmoddi4.o)
                              /usr/local/share/gcc-arm-none-eabi-10.3-2021.10/bin/../lib/gcc/arm-none-eabi/10.3.1/thumb/v7e-m+fp/softfp/libgcc.a(_aeabi_uldivmod.o) (__udivmoddi4)
/usr/local/share/gcc-arm-none-eabi-10.3-2021.10/bin/../lib/gcc/arm-none-eabi/10.3.1/thumb/v7e-m+fp/softfp/libgcc.a(_dvmd_tls.o)
                              /usr/local/share/gcc-arm-none-eabi-10.3-2021.10/bin/../lib/gcc/arm-none-eabi/10.3.1/thumb/v7e-m+fp/softfp/libgcc.a(_aeabi_uldivmod.o) (__aeabi_ldiv0)
/usr/local/share/gcc-arm-none-eabi-10.3-2021.10/bin/../lib/gcc/arm-none-eabi/10.3.1/../../../../arm-none-eabi/lib/thumb/v7e-m+fp/softfp/libc_nano.a(lib_a-init.o)
                              build/lib/boards/edu-ciaa-nxp.a(armv7m_startup.o) (__libc_init_array)
/usr/local/share/gcc-arm-none-eabi-10.3-2021.10/bin/../lib/gcc/arm-none-eabi/10.3.1/../../../../arm-none-eabi/lib/thumb/v7e-m+fp/softfp/libc_nano.a(lib_a-memcpy-stub.o)
                              build/lib/boards/edu-ciaa-nxp.a(ring_buffer.o) (memcpy)
/usr/local/share/gcc-arm-none-eabi-10.3-2021.10/bin/../lib/gcc/arm-none-eabi/10.3.1/../../../../arm-none-eabi/lib/thumb/v7e-m+fp/softfp/libc_nano.a(lib_a-memset.o)
                              build/obj/src/pantalla.o (memset)

Discarded input sections

 .group         0x0000000000000000        0xc build/obj/src/bsp.o
 .group         0x0000000000000000        0xc build/obj/src/bsp.o
 .group         0x0000000000000000        0xc build/obj/src/bsp.o
 .group         0x0000000000000000        0xc build/obj/src/bsp.o
 .group         0x0000000000000000        0xc build/obj/src/bsp.o
 .group         0x0000000000000000        0xc build/obj/src/bsp.o
 .group         0x0000000000000000        0xc build/obj/src/bsp.o
 .group         0x0000000000000000        0xc build/obj/src/bsp.o
 .group         0x0000000000000000        0xc build/obj/src/bsp.o
 .group         0x0000000000000000        0xc build/obj/src/bsp.o
 .group         0x0000000000000000        0xc build/obj/src/bsp.o
 .group         0x0000000000000000        0xc build/obj/src/bsp.o
 .group         0x0000000000000000        0xc build/obj/src/bsp.o
 .group         0x0000000000000000        0xc build/obj/src/bsp.o
 .group         0x0000000000000000        0xc build/obj/src/bsp.o
 .group         0x0000000000000000        0xc build/obj/src/bsp.o
 .group         0x0000000000000000        0xc build/obj/src/bsp.o
 .group         0x0000000000000000        0xc build/obj/src/bsp.o
 .group         0x0000000000000000        0xc build/obj/src/bsp.o
 .group         0x0000000000000000        0xc build/obj/src/bsp.o
 .group         0x0000000000000000        0xc build/obj/src/bsp.o
 .group         0x0000000000000000        0xc build/obj/src/bsp.o
[...]
Memory Configuration

Name             Origin             Length             Attributes
MFlashA512       0x000000001a000000 0x0000000000080000 xr
MFlashB512       0x000000001b000000 0x0000000000080000 xr
RamLoc32         0x0000000010000000 0x0000000000008000 xrw
RamLoc40         0x0000000010080000 0x000000000000a000 xrw
RamAHB32         0x0000000020000000 0x0000000000008000 xrw
RamAHB16         0x0000000020008000 0x0000000000004000 xrw
RamAHB_ETB16     0x000000002000c000 0x0000000000004000 xrw
*default*        0x0000000000000000 0xffffffffffffffff

Linker script and memory map

LOAD build/obj/src/bsp.o
LOAD build/obj/src/digital.o
LOAD build/obj/src/main.o
LOAD build/obj/src/pantalla.o
LOAD build/lib/boards/edu-ciaa-nxp.a
START GROUP
LOAD /usr/local/share/gcc-arm-none-eabi-10.3-2021.10/bin/../lib/gcc/arm-none-eabi/10.3.1/thumb/v7e-m+fp/softfp/libgcc.a
LOAD /usr/local/share/gcc-arm-none-eabi-10.3-2021.10/bin/../lib/gcc/arm-none-eabi/10.3.1/../../../../arm-none-eabi/lib/thumb/v7e-m+fp/softfp/libc_nano.a
END GROUP
START GROUP
LOAD /usr/local/share/gcc-arm-none-eabi-10.3-2021.10/bin/../lib/gcc/arm-none-eabi/10.3.1/thumb/v7e-m+fp/softfp/libgcc.a
LOAD /usr/local/share/gcc-arm-none-eabi-10.3-2021.10/bin/../lib/gcc/arm-none-eabi/10.3.1/../../../../arm-none-eabi/lib/thumb/v7e-m+fp/softfp/libc_nano.a
LOAD /usr/local/share/gcc-arm-none-eabi-10.3-2021.10/bin/../lib/gcc/arm-none-eabi/10.3.1/../../../../arm-none-eabi/lib/thumb/v7e-m+fp/softfp/libnosys.a
END GROUP
START GROUP
LOAD /usr/local/share/gcc-arm-none-eabi-10.3-2021.10/bin/../lib/gcc/arm-none-eabi/10.3.1/thumb/v7e-m+fp/softfp/libgcc.a
LOAD /usr/local/share/gcc-arm-none-eabi-10.3-2021.10/bin/../lib/gcc/arm-none-eabi/10.3.1/../../../../arm-none-eabi/lib/thumb/v7e-m+fp/softfp/libc_nano.a
LOAD /usr/local/share/gcc-arm-none-eabi-10.3-2021.10/bin/../lib/gcc/arm-none-eabi/10.3.1/../../../../arm-none-eabi/lib/thumb/v7e-m+fp/softfp/libnosys.a
END GROUP
                0x000000001a080000                __top_MFlashA512 = 0x1a080000
                0x000000001b080000                __top_MFlashB512 = 0x1b080000
                0x0000000010008000                __top_RamLoc32 = 0x10008000
                0x000000001008a000                __top_RamLoc40 = 0x1008a000
                0x0000000020008000                __top_RamAHB32 = 0x20008000
                0x000000002000c000                __top_RamAHB16 = 0x2000c000
                0x0000000020010000                __top_RamAHB_ETB16 = 0x20010000
START GROUP
LOAD /usr/local/share/gcc-arm-none-eabi-10.3-2021.10/bin/../lib/gcc/arm-none-eabi/10.3.1/thumb/v7e-m+fp/softfp/libgcc.a
LOAD /usr/local/share/gcc-arm-none-eabi-10.3-2021.10/bin/../lib/gcc/arm-none-eabi/10.3.1/../../../../arm-none-eabi/lib/thumb/v7e-m+fp/softfp/libc.a
LOAD /usr/local/share/gcc-arm-none-eabi-10.3-2021.10/bin/../lib/gcc/arm-none-eabi/10.3.1/../../../../arm-none-eabi/lib/thumb/v7e-m+fp/softfp/libm.a
END GROUP

.text_Flash2    0x000000001b000000        0x0
 FILL mask 0xff
 *(.text_Flash2*)
 *(.text_MFlashB512*)
 *(.text.$Flash2*)
 *(.text.$MFlashB512*)
 *(.rodata.$Flash2*)
 *(.rodata.$MFlashB512*)

.text           0x000000001a000000      0x15a
 FILL mask 0xff
                0x000000001a000000                __vectors_start__ = ABSOLUTE (.)
 *(.isr_vector)
 .isr_vector    0x000000001a000000       0x40 build/lib/boards/edu-ciaa-nxp.a(armv7m_startup.o)
                0x000000001a000000                g_pfnVectors
 *(.isr_vendor_vector)
                0x000000001a000040                . = ALIGN (0x4)
                0x000000001a000040                __section_table_start = .
                0x000000001a000040                __data_section_table = .
                0x000000001a000040        0x4 LONG 0x1a002890 LOADADDR (.data)
                0x000000001a000044        0x4 LONG 0x10000000 ADDR (.data)
                0x000000001a000048        0x4 LONG 0x38 SIZEOF (.data)
                0x000000001a00004c        0x4 LONG 0x1a002890 LOADADDR (.data_RAM2)
                0x000000001a000050        0x4 LONG 0x10080000 ADDR (.data_RAM2)
                0x000000001a000054        0x4 LONG 0x0 SIZEOF (.data_RAM2)
                0x000000001a000058        0x4 LONG 0x1a002890 LOADADDR (.data_RAM3)
                0x000000001a00005c        0x4 LONG 0x20000000 ADDR (.data_RAM3)
                0x000000001a000060        0x4 LONG 0x0 SIZEOF (.data_RAM3)
                0x000000001a000064        0x4 LONG 0x1a002890 LOADADDR (.data_RAM4)
                0x000000001a000068        0x4 LONG 0x20008000 ADDR (.data_RAM4)
                0x000000001a00006c        0x4 LONG 0x0 SIZEOF (.data_RAM4)
                0x000000001a000070        0x4 LONG 0x1a002890 LOADADDR (.data_RAM5)
                0x000000001a000074        0x4 LONG 0x2000c000 ADDR (.data_RAM5)
                0x000000001a000078        0x4 LONG 0x0 SIZEOF (.data_RAM5)
                0x000000001a00007c                __data_section_table_end = .
                0x000000001a00007c                __bss_section_table = .
                0x000000001a00007c        0x4 LONG 0x10000038 ADDR (.bss)
                0x000000001a000080        0x4 LONG 0x70 SIZEOF (.bss)
                0x000000001a000084        0x4 LONG 0x10080000 ADDR (.bss_RAM2)
                0x000000001a000088        0x4 LONG 0x0 SIZEOF (.bss_RAM2)
                0x000000001a00008c        0x4 LONG 0x20000000 ADDR (.bss_RAM3)
                0x000000001a000090        0x4 LONG 0x0 SIZEOF (.bss_RAM3)
                0x000000001a000094        0x4 LONG 0x20008000 ADDR (.bss_RAM4)
                0x000000001a000098        0x4 LONG 0x0 SIZEOF (.bss_RAM4)
                0x000000001a00009c        0x4 LONG 0x2000c000 ADDR (.bss_RAM5)
                0x000000001a0000a0        0x4 LONG 0x0 SIZEOF (.bss_RAM5)
                0x000000001a0000a4                __bss_section_table_end = .
                0x000000001a0000a4                __section_table_end = .
 *(.after_vectors*)
 .after_vectors
                0x000000001a0000a4       0xb6 build/lib/boards/edu-ciaa-nxp.a(armv7m_startup.o)
                0x000000001a0000a4                data_init
                0x000000001a0000ea                bss_init
                0x000000001a000124                NMI_Handler
                0x000000001a00012a                HardFault_Handler
                0x000000001a000130                MemManage_Handler
                0x000000001a000136                BusFault_Handler
                0x000000001a00013c                UsageFault_Handler
                0x000000001a000142                SVC_Handler
                0x000000001a000148                DebugMon_Handler
                0x000000001a00014e                PendSV_Handler
                0x000000001a000154                SysTick_Handler

.glue_7         0x000000001a00015c        0x0
 .glue_7        0x000000001a00015c        0x0 linker stubs

.glue_7t        0x000000001a00015c        0x0
 .glue_7t       0x000000001a00015c        0x0 linker stubs

.vfp11_veneer   0x000000001a00015c        0x0
 .vfp11_veneer  0x000000001a00015c        0x0 linker stubs

.v4_bx          0x000000001a00015c        0x0
 .v4_bx         0x000000001a00015c        0x0 linker stubs

.iplt           0x000000001a00015c        0x0
 .iplt          0x000000001a00015c        0x0 build/obj/src/bsp.o
                0x000000001a00015c                . = ALIGN (0x4)

.preinit_array  0x000000001a00015a        0x0
                0x000000001a00015a                PROVIDE (__preinit_array_start = .)
 *(.preinit_array*)
                0x000000001a00015a                PROVIDE (__preinit_array_end = .)

.init_array     0x000000001a00015a        0x0
                0x000000001a00015a                PROVIDE (__init_array_start = .)
 *(SORT_BY_NAME(.init_array.*))
 *(.init_array*)
                0x000000001a00015a                PROVIDE (__init_array_end = .)
                0x000000001a00015c                . = ALIGN (0x4)

.text           0x000000001a00015c     0x272c
 *(.text*)
 .text.Chip_SCU_PinMuxSet
                0x000000001a00015c       0x34 build/obj/src/bsp.o
 .text.Chip_GPIO_SetPinState
                0x000000001a000190       0x38 build/obj/src/bsp.o
 .text.Chip_GPIO_SetPinDIROutput
                0x000000001a0001c8       0x3e build/obj/src/bsp.o
 .text.Chip_GPIO_SetPinDIRInput
                0x000000001a000206       0x40 build/obj/src/bsp.o
 .text.Chip_GPIO_SetPinDIR
                0x000000001a000246       0x42 build/obj/src/bsp.o
 .text.Chip_GPIO_SetValue
                0x000000001a000288       0x28 build/obj/src/bsp.o
 .text.Chip_GPIO_ClearValue
                0x000000001a0002b0       0x28 build/obj/src/bsp.o
 .text.InicializarDigitos
                0x000000001a0002d8       0x94 build/obj/src/bsp.o
 .text.InicializarSegmentos
                0x000000001a00036c      0x11c build/obj/src/bsp.o
 .text.InicializarZumbador
                0x000000001a000488       0x24 build/obj/src/bsp.o
 .text.InicializarTeclas
                0x000000001a0004ac       0xa8 build/obj/src/bsp.o
 .text.DisplayInit
                0x000000001a000554       0x20 build/obj/src/bsp.o
 .text.ApagarPantalla
                0x000000001a000574       0x20 build/obj/src/bsp.o
 .text.EscribirNumero
                0x000000001a000594       0x24 build/obj/src/bsp.o
 .text.SeleccionarDigito
                0x000000001a0005b8       0x28 build/obj/src/bsp.o
 .text.BoardCreate
                0x000000001a0005e0       0x24 build/obj/src/bsp.o
                0x000000001a0005e0                BoardCreate
 .text.Chip_GPIO_SetPinState
                0x000000001a000604       0x38 build/obj/src/digital.o
 .text.Chip_GPIO_SetPinDIROutput
                0x000000001a00063c       0x3e build/obj/src/digital.o
 .text.Chip_GPIO_SetPinDIRInput
                0x000000001a00067a       0x40 build/obj/src/digital.o
 .text.Chip_GPIO_SetPinDIR
                0x000000001a0006ba       0x42 build/obj/src/digital.o
 .text.AsignarSalidaDigital
                0x000000001a0006fc       0x6c build/obj/src/digital.o
                0x000000001a0006fc                AsignarSalidaDigital
 .text.AsignarEntradaDigital
                0x000000001a000768       0x6c build/obj/src/digital.o
                0x000000001a000768                AsignarEntradaDigital
 .text.CrearSalidaDigital
                0x000000001a0007d4       0x58 build/obj/src/digital.o
                0x000000001a0007d4                CrearSalidaDigital
 .text.CrearEntradaDigital
                0x000000001a00082c       0x50 build/obj/src/digital.o
                0x000000001a00082c                CrearEntradaDigital
 .text.main     0x000000001a00087c       0x48 build/obj/src/main.o
                0x000000001a00087c                main
 .text.CrearPantalla
                0x000000001a0008c4       0x5c build/obj/src/pantalla.o
                0x000000001a0008c4                CrearPantalla
 .text.EscribirPantallaBCD
                0x000000001a000920       0x68 build/obj/src/pantalla.o
                0x000000001a000920                EscribirPantallaBCD
 .text.RefrescarPantalla
                0x000000001a000988       0x5a build/obj/src/pantalla.o
                0x000000001a000988                RefrescarPantalla
 .text.initialise_monitor_handles
                0x000000001a0009e2        0xe build/lib/boards/edu-ciaa-nxp.a(armv7m_startup.o)
                0x000000001a0009e2                initialise_monitor_handles
 .text._fini    0x000000001a0009f0        0xe build/lib/boards/edu-ciaa-nxp.a(armv7m_startup.o)
                0x000000001a0009f0                _fini
 .text._init    0x000000001a0009fe        0xe build/lib/boards/edu-ciaa-nxp.a(armv7m_startup.o)
                0x000000001a0009fe                _init
 .text.Reset_Handler
                0x000000001a000a0c       0xcc build/lib/boards/edu-ciaa-nxp.a(armv7m_startup.o)
                0x000000001a000a0c                Reset_Handler
 .text.SCB_GetFPUType
                0x000000001a000ad8       0x2c build/lib/boards/edu-ciaa-nxp.a(sysinit.o)
 .text.SystemInit
                0x000000001a000b04       0x38 build/lib/boards/edu-ciaa-nxp.a(sysinit.o)
                0x000000001a000b04                SystemInit
 .text.Chip_SCU_I2C0PinConfig
                0x000000001a000b3c       0x20 build/lib/boards/edu-ciaa-nxp.a(board_lpcopen.o)
 .text.Chip_GPIO_SetPinState
                0x000000001a000b5c       0x38 build/lib/boards/edu-ciaa-nxp.a(board_lpcopen.o)
 .text.Chip_GPIO_SetPinDIROutput
                0x000000001a000b94       0x3e build/lib/boards/edu-ciaa-nxp.a(board_lpcopen.o)
 .text.Chip_GPIO_SetPinDIRInput
                0x000000001a000bd2       0x40 build/lib/boards/edu-ciaa-nxp.a(board_lpcopen.o)
 .text.Chip_SSP_Enable
                0x000000001a000c12       0x20 build/lib/boards/edu-ciaa-nxp.a(board_lpcopen.o)
 .text.Chip_SSP_SetFormat
                0x000000001a000c32       0x32 build/lib/boards/edu-ciaa-nxp.a(board_lpcopen.o)
 .text.Chip_SSP_Set_Mode
                0x000000001a000c64       0x26 build/lib/boards/edu-ciaa-nxp.a(board_lpcopen.o)
 .text.Chip_UART_TXEnable
                0x000000001a000c8a       0x1a build/lib/boards/edu-ciaa-nxp.a(board_lpcopen.o)
 .text.Chip_UART_ConfigData
                0x000000001a000ca4       0x1c build/lib/boards/edu-ciaa-nxp.a(board_lpcopen.o)
 .text.Board_LED_Init
                0x000000001a000cc0       0x54 build/lib/boards/edu-ciaa-nxp.a(board_lpcopen.o)
 .text.Board_TEC_Init
                0x000000001a000d14       0x44 build/lib/boards/edu-ciaa-nxp.a(board_lpcopen.o)
 .text.Board_GPIO_Init
                0x000000001a000d58       0x44 build/lib/boards/edu-ciaa-nxp.a(board_lpcopen.o)
 .text.Board_I2C_Init
                0x000000001a000d9c       0x24 build/lib/boards/edu-ciaa-nxp.a(board_lpcopen.o)
 .text.Board_SPI_Init
                0x000000001a000dc0       0x38 build/lib/boards/edu-ciaa-nxp.a(board_lpcopen.o)
 .text.Board_ADC_Init
                0x000000001a000df8       0x38 build/lib/boards/edu-ciaa-nxp.a(board_lpcopen.o)
 .text.Board_Debug_Init
                0x000000001a000e30       0x2c build/lib/boards/edu-ciaa-nxp.a(board_lpcopen.o)
                0x000000001a000e30                Board_Debug_Init
 .text.Board_Init
                0x000000001a000e5c       0x30 build/lib/boards/edu-ciaa-nxp.a(board_lpcopen.o)
                0x000000001a000e5c                Board_Init
 .text.Chip_SCU_PinMuxSet
                0x000000001a000e8c       0x34 build/lib/boards/edu-ciaa-nxp.a(board_sysinit.o)
 .text.Chip_SCU_SetPinMuxing
                0x000000001a000ec0       0x4c build/lib/boards/edu-ciaa-nxp.a(board_sysinit.o)
 .text.Chip_CREG_SetFlashAcceleration
                0x000000001a000f0c       0x54 build/lib/boards/edu-ciaa-nxp.a(board_sysinit.o)
 .text.Board_SetupMuxing
                0x000000001a000f60       0x14 build/lib/boards/edu-ciaa-nxp.a(board_sysinit.o)
                0x000000001a000f60                Board_SetupMuxing
 .text.Board_SetupClocking
                0x000000001a000f74       0x74 build/lib/boards/edu-ciaa-nxp.a(board_sysinit.o)
                0x000000001a000f74                Board_SetupClocking
 .text.Board_SystemInit
                0x000000001a000fe8       0x14 build/lib/boards/edu-ciaa-nxp.a(board_sysinit.o)
                0x000000001a000fe8                Board_SystemInit
 .text.getFullConvClk
                0x000000001a000ffc       0x10 build/lib/boards/edu-ciaa-nxp.a(adc_18xx_43xx.o)
 .text.Chip_ADC_GetClockIndex
                0x000000001a00100c       0x2c build/lib/boards/edu-ciaa-nxp.a(adc_18xx_43xx.o)
 .text.getClkDiv
                0x000000001a001038       0x66 build/lib/boards/edu-ciaa-nxp.a(adc_18xx_43xx.o)
 *fill*         0x000000001a00109e        0x2 
 .text.Chip_ADC_Init
                0x000000001a0010a0       0x88 build/lib/boards/edu-ciaa-nxp.a(adc_18xx_43xx.o)
                0x000000001a0010a0                Chip_ADC_Init
 .text.Chip_ADC_SetSampleRate
                0x000000001a001128       0x64 build/lib/boards/edu-ciaa-nxp.a(adc_18xx_43xx.o)
                0x000000001a001128                Chip_ADC_SetSampleRate
 .text.Chip_ADC_SetResolution
                0x000000001a00118c       0x2a build/lib/boards/edu-ciaa-nxp.a(adc_18xx_43xx.o)
                0x000000001a00118c                Chip_ADC_SetResolution
 *fill*         0x000000001a0011b6        0x2 
 .text.SystemCoreClockUpdate
                0x000000001a0011b8       0x18 build/lib/boards/edu-ciaa-nxp.a(chip_18xx_43xx.o)
                0x000000001a0011b8                SystemCoreClockUpdate
 .text.ABS      0x000000001a0011d0       0x22 build/lib/boards/edu-ciaa-nxp.a(clock_18xx_43xx.o)
 *fill*         0x000000001a0011f2        0x2 
 .text.pll_calc_divs
                0x000000001a0011f4      0x124 build/lib/boards/edu-ciaa-nxp.a(clock_18xx_43xx.o)
 .text.pll_get_frac
                0x000000001a001318      0x180 build/lib/boards/edu-ciaa-nxp.a(clock_18xx_43xx.o)
 .text.Chip_Clock_GetDivRate
                0x000000001a001498       0x40 build/lib/boards/edu-ciaa-nxp.a(clock_18xx_43xx.o)
 .text.Chip_Clock_FindBaseClock
                0x000000001a0014d8       0x90 build/lib/boards/edu-ciaa-nxp.a(clock_18xx_43xx.o)
 .text.Chip_Clock_EnableCrystal
                0x000000001a001568       0x70 build/lib/boards/edu-ciaa-nxp.a(clock_18xx_43xx.o)
                0x000000001a001568                Chip_Clock_EnableCrystal
 .text.Chip_Clock_CalcMainPLLValue
                0x000000001a0015d8       0xd8 build/lib/boards/edu-ciaa-nxp.a(clock_18xx_43xx.o)
                0x000000001a0015d8                Chip_Clock_CalcMainPLLValue
 .text.Chip_Clock_GetMainPLLHz
                0x000000001a0016b0       0xbc build/lib/boards/edu-ciaa-nxp.a(clock_18xx_43xx.o)
                0x000000001a0016b0                Chip_Clock_GetMainPLLHz
 .text.Chip_Clock_GetDividerSource
                0x000000001a00176c       0x40 build/lib/boards/edu-ciaa-nxp.a(clock_18xx_43xx.o)
                0x000000001a00176c                Chip_Clock_GetDividerSource
 .text.Chip_Clock_GetDividerDivisor
                0x000000001a0017ac       0x38 build/lib/boards/edu-ciaa-nxp.a(clock_18xx_43xx.o)
                0x000000001a0017ac                Chip_Clock_GetDividerDivisor
 .text.Chip_Clock_GetClockInputHz
                0x000000001a0017e4      0x140 build/lib/boards/edu-ciaa-nxp.a(clock_18xx_43xx.o)
                0x000000001a0017e4                Chip_Clock_GetClockInputHz
 .text.Chip_Clock_GetBaseClocktHz
                0x000000001a001924       0x24 build/lib/boards/edu-ciaa-nxp.a(clock_18xx_43xx.o)
                0x000000001a001924                Chip_Clock_GetBaseClocktHz
 .text.Chip_Clock_SetBaseClock
                0x000000001a001948       0x9c build/lib/boards/edu-ciaa-nxp.a(clock_18xx_43xx.o)
                0x000000001a001948                Chip_Clock_SetBaseClock
 .text.Chip_Clock_GetBaseClock
                0x000000001a0019e4       0x4c build/lib/boards/edu-ciaa-nxp.a(clock_18xx_43xx.o)
                0x000000001a0019e4                Chip_Clock_GetBaseClock
 .text.Chip_Clock_EnableOpts
                0x000000001a001a30       0x7c build/lib/boards/edu-ciaa-nxp.a(clock_18xx_43xx.o)
                0x000000001a001a30                Chip_Clock_EnableOpts
 .text.Chip_Clock_Enable
                0x000000001a001aac       0x60 build/lib/boards/edu-ciaa-nxp.a(clock_18xx_43xx.o)
                0x000000001a001aac                Chip_Clock_Enable
 .text.Chip_Clock_GetRate
                0x000000001a001b0c       0x88 build/lib/boards/edu-ciaa-nxp.a(clock_18xx_43xx.o)
                0x000000001a001b0c                Chip_Clock_GetRate
 .text.Chip_GPIO_Init
                0x000000001a001b94       0x14 build/lib/boards/edu-ciaa-nxp.a(gpio_18xx_43xx.o)
                0x000000001a001b94                Chip_GPIO_Init
 .text.enableClk
                0x000000001a001ba8       0x30 build/lib/boards/edu-ciaa-nxp.a(i2c_18xx_43xx.o)
 .text.getClkRate
                0x000000001a001bd8       0x30 build/lib/boards/edu-ciaa-nxp.a(i2c_18xx_43xx.o)
 .text.Chip_I2C_EventHandler
                0x000000001a001c08       0x4c build/lib/boards/edu-ciaa-nxp.a(i2c_18xx_43xx.o)
                0x000000001a001c08                Chip_I2C_EventHandler
 .text.Chip_I2C_Init
                0x000000001a001c54       0x34 build/lib/boards/edu-ciaa-nxp.a(i2c_18xx_43xx.o)
                0x000000001a001c54                Chip_I2C_Init
 .text.Chip_I2C_SetClockRate
                0x000000001a001c88       0x68 build/lib/boards/edu-ciaa-nxp.a(i2c_18xx_43xx.o)
                0x000000001a001c88                Chip_I2C_SetClockRate
 .text.Chip_SSP_SetFormat
                0x000000001a001cf0       0x32 build/lib/boards/edu-ciaa-nxp.a(ssp_18xx_43xx.o)
 .text.Chip_SSP_Set_Mode
                0x000000001a001d22       0x26 build/lib/boards/edu-ciaa-nxp.a(ssp_18xx_43xx.o)
 .text.Chip_SSP_GetClockIndex
                0x000000001a001d48       0x2c build/lib/boards/edu-ciaa-nxp.a(ssp_18xx_43xx.o)
 .text.Chip_SSP_GetPeriphClockIndex
                0x000000001a001d74       0x30 build/lib/boards/edu-ciaa-nxp.a(ssp_18xx_43xx.o)
 .text.Chip_SSP_SetClockRate
                0x000000001a001da4       0x36 build/lib/boards/edu-ciaa-nxp.a(ssp_18xx_43xx.o)
                0x000000001a001da4                Chip_SSP_SetClockRate
 .text.Chip_SSP_SetBitRate
                0x000000001a001dda       0x74 build/lib/boards/edu-ciaa-nxp.a(ssp_18xx_43xx.o)
                0x000000001a001dda                Chip_SSP_SetBitRate
 *fill*         0x000000001a001e4e        0x2 
 .text.Chip_SSP_Init
                0x000000001a001e50       0x4c build/lib/boards/edu-ciaa-nxp.a(ssp_18xx_43xx.o)
                0x000000001a001e50                Chip_SSP_Init
 .text.Chip_Clock_DisableMainPLL
                0x000000001a001e9c       0x20 build/lib/boards/edu-ciaa-nxp.a(sysinit_18xx_43xx.o)
 .text.Chip_Clock_SetupMainPLL
                0x000000001a001ebc       0x48 build/lib/boards/edu-ciaa-nxp.a(sysinit_18xx_43xx.o)
 .text.Chip_Clock_MainPLLLocked
                0x000000001a001f04       0x24 build/lib/boards/edu-ciaa-nxp.a(sysinit_18xx_43xx.o)
 .text.Chip_SetupCoreClock
                0x000000001a001f28      0x148 build/lib/boards/edu-ciaa-nxp.a(sysinit_18xx_43xx.o)
                0x000000001a001f28                Chip_SetupCoreClock
 .text.Chip_UART_TXDisable
                0x000000001a002070       0x1a build/lib/boards/edu-ciaa-nxp.a(uart_18xx_43xx.o)
 .text.Chip_UART_SetupFIFOS
                0x000000001a00208a       0x1c build/lib/boards/edu-ciaa-nxp.a(uart_18xx_43xx.o)
 .text.Chip_UART_ConfigData
                0x000000001a0020a6       0x1c build/lib/boards/edu-ciaa-nxp.a(uart_18xx_43xx.o)
 .text.Chip_UART_EnableDivisorAccess
                0x000000001a0020c2       0x20 build/lib/boards/edu-ciaa-nxp.a(uart_18xx_43xx.o)
 .text.Chip_UART_DisableDivisorAccess
                0x000000001a0020e2       0x20 build/lib/boards/edu-ciaa-nxp.a(uart_18xx_43xx.o)
 .text.Chip_UART_SetDivisorLatches
                0x000000001a002102       0x28 build/lib/boards/edu-ciaa-nxp.a(uart_18xx_43xx.o)
 *fill*         0x000000001a00212a        0x2 
 .text.Chip_UART_GetIndex
                0x000000001a00212c       0x6c build/lib/boards/edu-ciaa-nxp.a(uart_18xx_43xx.o)
 .text.Chip_UART_Init
                0x000000001a002198       0x88 build/lib/boards/edu-ciaa-nxp.a(uart_18xx_43xx.o)
                0x000000001a002198                Chip_UART_Init
 .text.Chip_UART_SetBaudFDR
                0x000000001a002220      0x180 build/lib/boards/edu-ciaa-nxp.a(uart_18xx_43xx.o)
                0x000000001a002220                Chip_UART_SetBaudFDR
 .text          0x000000001a0023a0       0x30 /usr/local/share/gcc-arm-none-eabi-10.3-2021.10/bin/../lib/gcc/arm-none-eabi/10.3.1/thumb/v7e-m+fp/softfp/libgcc.a(_aeabi_uldivmod.o)
                0x000000001a0023a0                __aeabi_uldivmod
 .text          0x000000001a0023d0      0x2d0 /usr/local/share/gcc-arm-none-eabi-10.3-2021.10/bin/../lib/gcc/arm-none-eabi/10.3.1/thumb/v7e-m+fp/softfp/libgcc.a(_udivmoddi4.o)
                0x000000001a0023d0                __udivmoddi4
 .text          0x000000001a0026a0        0x4 /usr/local/share/gcc-arm-none-eabi-10.3-2021.10/bin/../lib/gcc/arm-none-eabi/10.3.1/thumb/v7e-m+fp/softfp/libgcc.a(_dvmd_tls.o)
                0x000000001a0026a0                __aeabi_ldiv0
                0x000000001a0026a0                __aeabi_idiv0
 .text.__libc_init_array
                0x000000001a0026a4       0x48 /usr/local/share/gcc-arm-none-eabi-10.3-2021.10/bin/../lib/gcc/arm-none-eabi/10.3.1/../../../../arm-none-eabi/lib/thumb/v7e-m+fp/softfp/libc_nano.a(lib_a-init.o)
                0x000000001a0026a4                __libc_init_array
 .text.memset   0x000000001a0026ec       0x10 /usr/local/share/gcc-arm-none-eabi-10.3-2021.10/bin/../lib/gcc/arm-none-eabi/10.3.1/../../../../arm-none-eabi/lib/thumb/v7e-m+fp/softfp/libc_nano.a(lib_a-memset.o)
                0x000000001a0026ec                memset
 *(.rodata .rodata.* .constdata .constdata.*)
 .rodata.display_driver.0
                0x000000001a0026fc        0xc build/obj/src/bsp.o
 .rodata.DIBUJAR
                0x000000001a002708        0xa build/obj/src/pantalla.o
 *fill*         0x000000001a002712        0x2 
 .rodata.ExtRateIn
                0x000000001a002714        0x4 build/lib/boards/edu-ciaa-nxp.a(board_lpcopen.o)
                0x000000001a002714                ExtRateIn
 .rodata.OscRateIn
                0x000000001a002718        0x4 build/lib/boards/edu-ciaa-nxp.a(board_lpcopen.o)
                0x000000001a002718                OscRateIn
 .rodata.GpioLeds
                0x000000001a00271c        0xc build/lib/boards/edu-ciaa-nxp.a(board_lpcopen.o)
 .rodata.GpioButtons
                0x000000001a002728        0x8 build/lib/boards/edu-ciaa-nxp.a(board_lpcopen.o)
 .rodata.GpioPorts
                0x000000001a002730       0x12 build/lib/boards/edu-ciaa-nxp.a(board_lpcopen.o)
 *fill*         0x000000001a002742        0x2 
 .rodata.InitClkStates
                0x000000001a002744        0x4 build/lib/boards/edu-ciaa-nxp.a(board_sysinit.o)
 .rodata.pinmuxing
                0x000000001a002748       0x74 build/lib/boards/edu-ciaa-nxp.a(board_sysinit.o)
 .rodata.periph_to_base
                0x000000001a0027bc       0x6c build/lib/boards/edu-ciaa-nxp.a(clock_18xx_43xx.o)
 .rodata        0x000000001a002828        0x6 build/lib/boards/edu-ciaa-nxp.a(clock_18xx_43xx.o)
 *fill*         0x000000001a00282e        0x2 
 .rodata.InitClkStates
                0x000000001a002830       0x48 build/lib/boards/edu-ciaa-nxp.a(sysinit_18xx_43xx.o)
 .rodata.UART_PClock
                0x000000001a002878        0x8 build/lib/boards/edu-ciaa-nxp.a(uart_18xx_43xx.o)
 .rodata.UART_BClock
                0x000000001a002880        0x8 build/lib/boards/edu-ciaa-nxp.a(uart_18xx_43xx.o)
                0x000000001a002888                . = ALIGN (0x4)

.ARM.extab
 *(.ARM.extab* .gnu.linkonce.armextab.*)
                0x000000001a002888                __exidx_start = .

.ARM.exidx      0x000000001a002888        0x8
 *(.ARM.exidx* .gnu.linkonce.armexidx.*)
 .ARM.exidx     0x000000001a002888        0x8 /usr/local/share/gcc-arm-none-eabi-10.3-2021.10/bin/../lib/gcc/arm-none-eabi/10.3.1/thumb/v7e-m+fp/softfp/libgcc.a(_udivmoddi4.o)
                0x000000001a002890                __exidx_end = .
                0x000000001a002890                _etext = .

.rel.dyn        0x000000001a002890        0x0
 .rel.iplt      0x000000001a002890        0x0 build/obj/src/bsp.o

.data_RAM2      0x0000000010080000        0x0 load address 0x000000001a002890
 FILL mask 0xff
 *(.ramfunc.$RAM2)
 *(.ramfunc.$RamLoc40)
 *(.data.$RAM2*)
 *(.data.$RamLoc40*)
                0x0000000010080000                . = ALIGN (0x4)

.data_RAM3      0x0000000020000000        0x0 load address 0x000000001a002890
 FILL mask 0xff
 *(.ramfunc.$RAM3)
 *(.ramfunc.$RamAHB32)
 *(.data.$RAM3*)
 *(.data.$RamAHB32*)
                0x0000000020000000                . = ALIGN (0x4)

.data_RAM4      0x0000000020008000        0x0 load address 0x000000001a002890
 FILL mask 0xff
 *(.ramfunc.$RAM4)
 *(.ramfunc.$RamAHB16)
 *(.data.$RAM4*)
 *(.data.$RamAHB16*)
                0x0000000020008000                . = ALIGN (0x4)

.data_RAM5      0x000000002000c000        0x0 load address 0x000000001a002890
 FILL mask 0xff
 *(.ramfunc.$RAM5)
 *(.ramfunc.$RamAHB_ETB16)
 *(.data.$RAM5*)
 *(.data.$RamAHB_ETB16*)
                0x000000002000c000                . = ALIGN (0x4)

.uninit_RESERVED
                0x0000000010000000        0x0
 *(.bss.$RESERVED*)
                0x0000000010000000                . = ALIGN (0x4)
                0x0000000010000000                _end_uninit_RESERVED = .

.data           0x0000000010000000       0x38 load address 0x000000001a002890
 FILL mask 0xff
                0x0000000010000000                _data = .
 *(vtable)
 *(.ramfunc*)
 *(.data*)
 .data.i2c      0x0000000010000000       0x38 build/lib/boards/edu-ciaa-nxp.a(i2c_18xx_43xx.o)
                0x0000000010000038                . = ALIGN (0x4)
                0x0000000010000038                _edata = .

.igot.plt       0x0000000010000038        0x0 load address 0x000000001a0028c8
 .igot.plt      0x0000000010000038        0x0 build/obj/src/bsp.o

.bss_RAM2       0x0000000010080000        0x0
 *(.bss.$RAM2*)
 *(.bss.$RamLoc40*)
                0x0000000010080000                . = ALIGN (0x4)

.bss_RAM3       0x0000000020000000        0x0
 *(.bss.$RAM3*)
 *(.bss.$RamAHB32*)
                0x0000000020000000                . = ALIGN (0x4)

.bss_RAM4       0x0000000020008000        0x0
 *(.bss.$RAM4*)
 *(.bss.$RamAHB16*)
                0x0000000020008000                . = ALIGN (0x4)

.bss_RAM5       0x000000002000c000        0x0
 *(.bss.$RAM5*)
 *(.bss.$RamAHB_ETB16*)
                0x000000002000c000                . = ALIGN (0x4)

.bss            0x0000000010000038       0x70
                0x0000000010000038                _bss = .
 *(.bss*)
 .bss.board     0x0000000010000038       0x20 build/obj/src/bsp.o
 .bss.instances
                0x0000000010000058        0xc build/obj/src/digital.o
 .bss.instancesi
                0x0000000010000064       0x1e build/obj/src/digital.o
 *fill*         0x0000000010000082        0x2 
 .bss.instances
                0x0000000010000084       0x18 build/obj/src/pantalla.o
 .bss.SystemCoreClock
                0x000000001000009c        0x4 build/lib/boards/edu-ciaa-nxp.a(chip_18xx_43xx.o)
                0x000000001000009c                SystemCoreClock
 .bss.audio_usb_pll_freq
                0x00000000100000a0        0x8 build/lib/boards/edu-ciaa-nxp.a(clock_18xx_43xx.o)
 *(COMMON)
                0x00000000100000a8                . = ALIGN (0x4)
                0x00000000100000a8                _ebss = .
                [!provide]                        PROVIDE (end = .)

.noinit_RAM2    0x0000000010080000        0x0
 *(.noinit.$RAM2*)
 *(.noinit.$RamLoc40*)
                0x0000000010080000                . = ALIGN (0x4)

.noinit_RAM3    0x0000000020000000        0x0
 *(.noinit.$RAM3*)
 *(.noinit.$RamAHB32*)
                0x0000000020000000                . = ALIGN (0x4)

.noinit_RAM4    0x0000000020008000        0x0
 *(.noinit.$RAM4*)
 *(.noinit.$RamAHB16*)
                0x0000000020008000                . = ALIGN (0x4)

.noinit_RAM5    0x000000002000c000        0x0
 *(.noinit.$RAM5*)
 *(.noinit.$RamAHB_ETB16*)
                0x000000002000c000                . = ALIGN (0x4)

.noinit         0x00000000100000a8        0x0
                0x00000000100000a8                _noinit = .
 *(.noinit*)
                0x00000000100000a8                . = ALIGN (0x4)
                0x00000000100000a8                _end_noinit = .
                [!provide]                        PROVIDE (_pvHeapStart = .)
                0x0000000010008000                PROVIDE (_vStackTop = (__top_RamLoc32 - 0x0))
                0xffffffff53ff6ffe                PROVIDE (__valid_user_code_checksum = (0x0 - ((((((_vStackTop + (Reset_Handler + 0x1)) + (NMI_Handler + 0x1)) + (HardFault_Handler + 0x1)) + (DEFINED (MemManage_Handler)?MemManage_Handler:0x0 + 0x1)) + (DEFINED (BusFault_Handler)?BusFault_Handler:0x0 + 0x1)) + (DEFINED (UsageFault_Handler)?UsageFault_Handler:0x0 + 0x1))))
OUTPUT(build/bin/TP4.elf elf32-littlearm)
LOAD linker stubs

.debug_info     0x0000000000000000     0xa708
 .debug_info    0x0000000000000000      0xc1a build/obj/src/bsp.o
 .debug_info    0x0000000000000c1a      0xb8d build/obj/src/digital.o
 .debug_info    0x00000000000017a7      0x1c6 build/obj/src/main.o
 .debug_info    0x000000000000196d      0x299 build/obj/src/pantalla.o
 .debug_info    0x0000000000001c06      0x2b5 build/lib/boards/edu-ciaa-nxp.a(armv7m_startup.o)
 .debug_info    0x0000000000001ebb      0x33e build/lib/boards/edu-ciaa-nxp.a(sysinit.o)
 .debug_info    0x00000000000021f9     0x14c8 build/lib/boards/edu-ciaa-nxp.a(board_lpcopen.o)
 .debug_info    0x00000000000036c1      0xbce build/lib/boards/edu-ciaa-nxp.a(board_sysinit.o)
 .debug_info    0x000000000000428f      0x9c1 build/lib/boards/edu-ciaa-nxp.a(adc_18xx_43xx.o)
 .debug_info    0x0000000000004c50      0xa65 build/lib/boards/edu-ciaa-nxp.a(chip_18xx_43xx.o)
 .debug_info    0x00000000000056b5     0x1678 build/lib/boards/edu-ciaa-nxp.a(clock_18xx_43xx.o)
 .debug_info    0x0000000000006d2d      0x1e1 build/lib/boards/edu-ciaa-nxp.a(gpio_18xx_43xx.o)
 .debug_info    0x0000000000006f0e     0x10f4 build/lib/boards/edu-ciaa-nxp.a(i2c_18xx_43xx.o)
 .debug_info    0x0000000000008002      0xc7d build/lib/boards/edu-ciaa-nxp.a(ssp_18xx_43xx.o)
 .debug_info    0x0000000000008c7f      0x921 build/lib/boards/edu-ciaa-nxp.a(sysinit_18xx_43xx.o)
 .debug_info    0x00000000000095a0     0x1168 build/lib/boards/edu-ciaa-nxp.a(uart_18xx_43xx.o)

.debug_abbrev   0x0000000000000000     0x1e07
 .debug_abbrev  0x0000000000000000      0x201 build/obj/src/bsp.o
 .debug_abbrev  0x0000000000000201      0x234 build/obj/src/digital.o
 .debug_abbrev  0x0000000000000435       0xbf build/obj/src/main.o
 .debug_abbrev  0x00000000000004f4       0xf8 build/obj/src/pantalla.o
 .debug_abbrev  0x00000000000005ec       0xfd build/lib/boards/edu-ciaa-nxp.a(armv7m_startup.o)
 .debug_abbrev  0x00000000000006e9       0xfd build/lib/boards/edu-ciaa-nxp.a(sysinit.o)
 .debug_abbrev  0x00000000000007e6      0x394 build/lib/boards/edu-ciaa-nxp.a(board_lpcopen.o)
 .debug_abbrev  0x0000000000000b7a      0x1d0 build/lib/boards/edu-ciaa-nxp.a(board_sysinit.o)
 .debug_abbrev  0x0000000000000d4a      0x1d2 build/lib/boards/edu-ciaa-nxp.a(adc_18xx_43xx.o)
 .debug_abbrev  0x0000000000000f1c      0x173 build/lib/boards/edu-ciaa-nxp.a(chip_18xx_43xx.o)
 .debug_abbrev  0x000000000000108f      0x2fc build/lib/boards/edu-ciaa-nxp.a(clock_18xx_43xx.o)
 .debug_abbrev  0x000000000000138b       0xe7 build/lib/boards/edu-ciaa-nxp.a(gpio_18xx_43xx.o)
 .debug_abbrev  0x0000000000001472      0x298 build/lib/boards/edu-ciaa-nxp.a(i2c_18xx_43xx.o)
 .debug_abbrev  0x000000000000170a      0x262 build/lib/boards/edu-ciaa-nxp.a(ssp_18xx_43xx.o)
 .debug_abbrev  0x000000000000196c      0x196 build/lib/boards/edu-ciaa-nxp.a(sysinit_18xx_43xx.o)
 .debug_abbrev  0x0000000000001b02      0x305 build/lib/boards/edu-ciaa-nxp.a(uart_18xx_43xx.o)

.debug_aranges  0x0000000000000000      0x958
 .debug_aranges
                0x0000000000000000       0x98 build/obj/src/bsp.o
 .debug_aranges
                0x0000000000000098       0xa0 build/obj/src/digital.o
 .debug_aranges
                0x0000000000000138       0x20 build/obj/src/main.o
 .debug_aranges
                0x0000000000000158       0x30 build/obj/src/pantalla.o
 .debug_aranges
                0x0000000000000188       0x90 build/lib/boards/edu-ciaa-nxp.a(armv7m_startup.o)
 .debug_aranges
                0x0000000000000218       0x28 build/lib/boards/edu-ciaa-nxp.a(sysinit.o)
 .debug_aranges
                0x0000000000000240      0x130 build/lib/boards/edu-ciaa-nxp.a(board_lpcopen.o)
 .debug_aranges
                0x0000000000000370       0x48 build/lib/boards/edu-ciaa-nxp.a(board_sysinit.o)
 .debug_aranges
                0x00000000000003b8       0x98 build/lib/boards/edu-ciaa-nxp.a(adc_18xx_43xx.o)
 .debug_aranges
                0x0000000000000450       0x40 build/lib/boards/edu-ciaa-nxp.a(chip_18xx_43xx.o)
 .debug_aranges
                0x0000000000000490      0x138 build/lib/boards/edu-ciaa-nxp.a(clock_18xx_43xx.o)
 .debug_aranges
                0x00000000000005c8       0x28 build/lib/boards/edu-ciaa-nxp.a(gpio_18xx_43xx.o)
 .debug_aranges
                0x00000000000005f0      0x118 build/lib/boards/edu-ciaa-nxp.a(i2c_18xx_43xx.o)
 .debug_aranges
                0x0000000000000708       0xe8 build/lib/boards/edu-ciaa-nxp.a(ssp_18xx_43xx.o)
 .debug_aranges
                0x00000000000007f0       0x50 build/lib/boards/edu-ciaa-nxp.a(sysinit_18xx_43xx.o)
 .debug_aranges
                0x0000000000000840      0x118 build/lib/boards/edu-ciaa-nxp.a(uart_18xx_43xx.o)

.debug_ranges   0x0000000000000000      0x8a0
 .debug_ranges  0x0000000000000000       0x88 build/obj/src/bsp.o
 .debug_ranges  0x0000000000000088       0x90 build/obj/src/digital.o
 .debug_ranges  0x0000000000000118       0x10 build/obj/src/main.o
 .debug_ranges  0x0000000000000128       0x38 build/obj/src/pantalla.o
 .debug_ranges  0x0000000000000160       0x80 build/lib/boards/edu-ciaa-nxp.a(armv7m_startup.o)
 .debug_ranges  0x00000000000001e0       0x18 build/lib/boards/edu-ciaa-nxp.a(sysinit.o)
 .debug_ranges  0x00000000000001f8      0x120 build/lib/boards/edu-ciaa-nxp.a(board_lpcopen.o)
 .debug_ranges  0x0000000000000318       0x38 build/lib/boards/edu-ciaa-nxp.a(board_sysinit.o)
 .debug_ranges  0x0000000000000350       0x88 build/lib/boards/edu-ciaa-nxp.a(adc_18xx_43xx.o)
 .debug_ranges  0x00000000000003d8       0x30 build/lib/boards/edu-ciaa-nxp.a(chip_18xx_43xx.o)
 .debug_ranges  0x0000000000000408      0x140 build/lib/boards/edu-ciaa-nxp.a(clock_18xx_43xx.o)
 .debug_ranges  0x0000000000000548       0x18 build/lib/boards/edu-ciaa-nxp.a(gpio_18xx_43xx.o)
 .debug_ranges  0x0000000000000560      0x108 build/lib/boards/edu-ciaa-nxp.a(i2c_18xx_43xx.o)
 .debug_ranges  0x0000000000000668       0xd8 build/lib/boards/edu-ciaa-nxp.a(ssp_18xx_43xx.o)
 .debug_ranges  0x0000000000000740       0x40 build/lib/boards/edu-ciaa-nxp.a(sysinit_18xx_43xx.o)
 .debug_ranges  0x0000000000000780      0x120 build/lib/boards/edu-ciaa-nxp.a(uart_18xx_43xx.o)

.debug_macro    0x0000000000000000     0x909f
 .debug_macro   0x0000000000000000      0x335 build/obj/src/bsp.o
 .debug_macro   0x0000000000000335      0xa96 build/obj/src/bsp.o
 .debug_macro   0x0000000000000dcb       0x22 build/obj/src/bsp.o
 .debug_macro   0x0000000000000ded       0x8e build/obj/src/bsp.o
 .debug_macro   0x0000000000000e7b       0x51 build/obj/src/bsp.o
 .debug_macro   0x0000000000000ecc      0x103 build/obj/src/bsp.o
 .debug_macro   0x0000000000000fcf       0x6a build/obj/src/bsp.o
 .debug_macro   0x0000000000001039      0x1df build/obj/src/bsp.o
 .debug_macro   0x0000000000001218       0x22 build/obj/src/bsp.o
 .debug_macro   0x000000000000123a       0x3a build/obj/src/bsp.o
 .debug_macro   0x0000000000001274       0x10 build/obj/src/bsp.o
 .debug_macro   0x0000000000001284       0x79 build/obj/src/bsp.o
 .debug_macro   0x00000000000012fd       0x22 build/obj/src/bsp.o
 .debug_macro   0x000000000000131f       0x1c build/obj/src/bsp.o
 .debug_macro   0x000000000000133b       0x22 build/obj/src/bsp.o
 .debug_macro   0x000000000000135d       0xd9 build/obj/src/bsp.o
 .debug_macro   0x0000000000001436     0x102d build/obj/src/bsp.o
 .debug_macro   0x0000000000002463      0x11f build/obj/src/bsp.o
 .debug_macro   0x0000000000002582      0x2c3 build/obj/src/bsp.o
 .debug_macro   0x0000000000002845      0x112 build/obj/src/bsp.o
 .debug_macro   0x0000000000002957       0x11 build/obj/src/bsp.o
 .debug_macro   0x0000000000002968       0x2a build/obj/src/bsp.o
 .debug_macro   0x0000000000002992       0x16 build/obj/src/bsp.o
 .debug_macro   0x00000000000029a8      0x2e6 build/obj/src/bsp.o
 .debug_macro   0x0000000000002c8e       0x82 build/obj/src/bsp.o
 .debug_macro   0x0000000000002d10      0x13d build/obj/src/bsp.o
 .debug_macro   0x0000000000002e4d      0x198 build/obj/src/bsp.o
 .debug_macro   0x0000000000002fe5       0x34 build/obj/src/bsp.o
 .debug_macro   0x0000000000003019       0x58 build/obj/src/bsp.o
 .debug_macro   0x0000000000003071      0x236 build/obj/src/bsp.o
 .debug_macro   0x00000000000032a7      0x572 build/obj/src/bsp.o
 .debug_macro   0x0000000000003819       0x16 build/obj/src/bsp.o
 .debug_macro   0x000000000000382f      0x18a build/obj/src/bsp.o
 .debug_macro   0x00000000000039b9       0x88 build/obj/src/bsp.o
 .debug_macro   0x0000000000003a41      0x1b9 build/obj/src/bsp.o
 .debug_macro   0x0000000000003bfa      0x1da build/obj/src/bsp.o
 .debug_macro   0x0000000000003dd4       0x40 build/obj/src/bsp.o
 .debug_macro   0x0000000000003e14       0x1c build/obj/src/bsp.o
 .debug_macro   0x0000000000003e30       0x2e build/obj/src/bsp.o
 .debug_macro   0x0000000000003e5e       0x2e build/obj/src/bsp.o
 .debug_macro   0x0000000000003e8c       0x22 build/obj/src/bsp.o
 .debug_macro   0x0000000000003eae      0x201 build/obj/src/bsp.o
 .debug_macro   0x00000000000040af       0xe0 build/obj/src/bsp.o
 .debug_macro   0x000000000000418f      0x34c build/obj/src/bsp.o
 .debug_macro   0x00000000000044db       0xdc build/obj/src/bsp.o
 .debug_macro   0x00000000000045b7       0xc4 build/obj/src/bsp.o
 .debug_macro   0x000000000000467b       0x8f build/obj/src/bsp.o
 .debug_macro   0x000000000000470a       0x94 build/obj/src/bsp.o
 .debug_macro   0x000000000000479e       0xb8 build/obj/src/bsp.o
 .debug_macro   0x0000000000004856       0x4c build/obj/src/bsp.o
 .debug_macro   0x00000000000048a2       0x16 build/obj/src/bsp.o
 .debug_macro   0x00000000000048b8      0x328 build/obj/src/bsp.o
 .debug_macro   0x0000000000004be0       0x3a build/obj/src/bsp.o
 .debug_macro   0x0000000000004c1a       0xd0 build/obj/src/bsp.o
 .debug_macro   0x0000000000004cea       0x18 build/obj/src/bsp.o
 .debug_macro   0x0000000000004d02       0x22 build/obj/src/bsp.o
 .debug_macro   0x0000000000004d24       0x40 build/obj/src/bsp.o
 .debug_macro   0x0000000000004d64      0x2bc build/obj/src/bsp.o
 .debug_macro   0x0000000000005020      0x325 build/obj/src/digital.o
 .debug_macro   0x0000000000005345      0x33f build/obj/src/main.o
 .debug_macro   0x0000000000005684      0x2b6 build/obj/src/main.o
 .debug_macro   0x000000000000593a      0x137 build/obj/src/pantalla.o
 .debug_macro   0x0000000000005a71       0x34 build/obj/src/pantalla.o
 .debug_macro   0x0000000000005aa5       0x64 build/obj/src/pantalla.o
 .debug_macro   0x0000000000005b09       0x1e build/obj/src/pantalla.o
 .debug_macro   0x0000000000005b27       0x35 build/obj/src/pantalla.o
 .debug_macro   0x0000000000005b5c       0x34 build/obj/src/pantalla.o
 .debug_macro   0x0000000000005b90      0x174 build/obj/src/pantalla.o
 .debug_macro   0x0000000000005d04       0x16 build/obj/src/pantalla.o
 .debug_macro   0x0000000000005d1a       0x43 build/obj/src/pantalla.o
 .debug_macro   0x0000000000005d5d       0x34 build/obj/src/pantalla.o
 .debug_macro   0x0000000000005d91       0x10 build/obj/src/pantalla.o
 .debug_macro   0x0000000000005da1       0x58 build/obj/src/pantalla.o
 .debug_macro   0x0000000000005df9      0x182 build/obj/src/pantalla.o
 .debug_macro   0x0000000000005f7b      0x341 build/obj/src/pantalla.o
 .debug_macro   0x00000000000062bc       0x10 build/obj/src/pantalla.o
 .debug_macro   0x00000000000062cc       0x35 build/obj/src/pantalla.o
 .debug_macro   0x0000000000006301       0x1d build/lib/boards/edu-ciaa-nxp.a(armv7m_startup.o)
 .debug_macro   0x000000000000631e      0x48c build/lib/boards/edu-ciaa-nxp.a(sysinit.o)
 .debug_macro   0x00000000000067aa       0x73 build/lib/boards/edu-ciaa-nxp.a(sysinit.o)
 .debug_macro   0x000000000000681d       0x16 build/lib/boards/edu-ciaa-nxp.a(sysinit.o)
 .debug_macro   0x0000000000006833       0x97 build/lib/boards/edu-ciaa-nxp.a(sysinit.o)
 .debug_macro   0x00000000000068ca       0xfd build/lib/boards/edu-ciaa-nxp.a(sysinit.o)
 .debug_macro   0x00000000000069c7       0x10 build/lib/boards/edu-ciaa-nxp.a(sysinit.o)
 .debug_macro   0x00000000000069d7       0x10 build/lib/boards/edu-ciaa-nxp.a(sysinit.o)
 .debug_macro   0x00000000000069e7       0x1c build/lib/boards/edu-ciaa-nxp.a(sysinit.o)
 .debug_macro   0x0000000000006a03       0x52 build/lib/boards/edu-ciaa-nxp.a(sysinit.o)
 .debug_macro   0x0000000000006a55       0x22 build/lib/boards/edu-ciaa-nxp.a(sysinit.o)
 .debug_macro   0x0000000000006a77       0x10 build/lib/boards/edu-ciaa-nxp.a(sysinit.o)
 .debug_macro   0x0000000000006a87       0x52 build/lib/boards/edu-ciaa-nxp.a(sysinit.o)
 .debug_macro   0x0000000000006ad9       0xd5 build/lib/boards/edu-ciaa-nxp.a(sysinit.o)
 .debug_macro   0x0000000000006bae       0x1c build/lib/boards/edu-ciaa-nxp.a(sysinit.o)
 .debug_macro   0x0000000000006bca       0x3d build/lib/boards/edu-ciaa-nxp.a(sysinit.o)
 .debug_macro   0x0000000000006c07       0x16 build/lib/boards/edu-ciaa-nxp.a(sysinit.o)
 .debug_macro   0x0000000000006c1d      0x16f build/lib/boards/edu-ciaa-nxp.a(sysinit.o)
 .debug_macro   0x0000000000006d8c       0x20 build/lib/boards/edu-ciaa-nxp.a(sysinit.o)
 .debug_macro   0x0000000000006dac      0x109 build/lib/boards/edu-ciaa-nxp.a(sysinit.o)
 .debug_macro   0x0000000000006eb5      0x49e build/lib/boards/edu-ciaa-nxp.a(board_lpcopen.o)
 .debug_macro   0x0000000000007353      0x48c build/lib/boards/edu-ciaa-nxp.a(board_sysinit.o)
 .debug_macro   0x00000000000077df      0x315 build/lib/boards/edu-ciaa-nxp.a(adc_18xx_43xx.o)
 .debug_macro   0x0000000000007af4      0x315 build/lib/boards/edu-ciaa-nxp.a(chip_18xx_43xx.o)
 .debug_macro   0x0000000000007e09      0x31b build/lib/boards/edu-ciaa-nxp.a(clock_18xx_43xx.o)
 .debug_macro   0x0000000000008124      0x315 build/lib/boards/edu-ciaa-nxp.a(gpio_18xx_43xx.o)
 .debug_macro   0x0000000000008439      0x327 build/lib/boards/edu-ciaa-nxp.a(i2c_18xx_43xx.o)
 .debug_macro   0x0000000000008760      0x315 build/lib/boards/edu-ciaa-nxp.a(ssp_18xx_43xx.o)
 .debug_macro   0x0000000000008a75      0x315 build/lib/boards/edu-ciaa-nxp.a(sysinit_18xx_43xx.o)
 .debug_macro   0x0000000000008d8a      0x315 build/lib/boards/edu-ciaa-nxp.a(uart_18xx_43xx.o)

.debug_line     0x0000000000000000     0xa3f0
 .debug_line    0x0000000000000000      0x9fe build/obj/src/bsp.o
 .debug_line    0x00000000000009fe      0xa96 build/obj/src/digital.o
 .debug_line    0x0000000000001494      0x80e build/obj/src/main.o
 .debug_line    0x0000000000001ca2      0x3c4 build/obj/src/pantalla.o
 .debug_line    0x0000000000002066      0x222 build/lib/boards/edu-ciaa-nxp.a(armv7m_startup.o)
 .debug_line    0x0000000000002288      0x9ce build/lib/boards/edu-ciaa-nxp.a(sysinit.o)
 .debug_line    0x0000000000002c56      0xe23 build/lib/boards/edu-ciaa-nxp.a(board_lpcopen.o)
 .debug_line    0x0000000000003a79      0xa96 build/lib/boards/edu-ciaa-nxp.a(board_sysinit.o)
 .debug_line    0x000000000000450f      0xa38 build/lib/boards/edu-ciaa-nxp.a(adc_18xx_43xx.o)
 .debug_line    0x0000000000004f47      0x858 build/lib/boards/edu-ciaa-nxp.a(chip_18xx_43xx.o)
 .debug_line    0x000000000000579f     0x1155 build/lib/boards/edu-ciaa-nxp.a(clock_18xx_43xx.o)
 .debug_line    0x00000000000068f4      0x7c2 build/lib/boards/edu-ciaa-nxp.a(gpio_18xx_43xx.o)
 .debug_line    0x00000000000070b6      0xe6a build/lib/boards/edu-ciaa-nxp.a(i2c_18xx_43xx.o)
 .debug_line    0x0000000000007f20      0xe38 build/lib/boards/edu-ciaa-nxp.a(ssp_18xx_43xx.o)
 .debug_line    0x0000000000008d58      0x940 build/lib/boards/edu-ciaa-nxp.a(sysinit_18xx_43xx.o)
 .debug_line    0x0000000000009698      0xd58 build/lib/boards/edu-ciaa-nxp.a(uart_18xx_43xx.o)

.debug_str      0x0000000000000000    0x1e8ac
 .debug_str     0x0000000000000000    0x17dfb build/obj/src/bsp.o
                                      0x17fe7 (size before relaxing)
 .debug_str     0x0000000000017dfb      0x1d2 build/obj/src/digital.o
                                      0x1747e (size before relaxing)
 .debug_str     0x0000000000017fcd       0x51 build/obj/src/main.o
                                      0x17345 (size before relaxing)
 .debug_str     0x000000000001801e     0x2b9d build/obj/src/pantalla.o
                                       0x6980 (size before relaxing)
 .debug_str     0x000000000001abbb      0x27c build/lib/boards/edu-ciaa-nxp.a(armv7m_startup.o)
                                       0x2f55 (size before relaxing)
 .debug_str     0x000000000001ae37     0x15f1 build/lib/boards/edu-ciaa-nxp.a(sysinit.o)
                                      0x1a8ee (size before relaxing)
 .debug_str     0x000000000001c428      0x83e build/lib/boards/edu-ciaa-nxp.a(board_lpcopen.o)
                                      0x1bb8a (size before relaxing)
 .debug_str     0x000000000001cc66      0x331 build/lib/boards/edu-ciaa-nxp.a(board_sysinit.o)
                                      0x1b5f1 (size before relaxing)
 .debug_str     0x000000000001cf97      0x264 build/lib/boards/edu-ciaa-nxp.a(adc_18xx_43xx.o)
                                      0x17073 (size before relaxing)
 .debug_str     0x000000000001d1fb      0x10c build/lib/boards/edu-ciaa-nxp.a(chip_18xx_43xx.o)
                                      0x17546 (size before relaxing)
 .debug_str     0x000000000001d307      0x627 build/lib/boards/edu-ciaa-nxp.a(clock_18xx_43xx.o)
                                      0x17ad3 (size before relaxing)
 .debug_str     0x000000000001d92e       0x93 build/lib/boards/edu-ciaa-nxp.a(gpio_18xx_43xx.o)
                                      0x16866 (size before relaxing)
 .debug_str     0x000000000001d9c1      0x600 build/lib/boards/edu-ciaa-nxp.a(i2c_18xx_43xx.o)
                                      0x1780e (size before relaxing)
 .debug_str     0x000000000001dfc1      0x44c build/lib/boards/edu-ciaa-nxp.a(ssp_18xx_43xx.o)
                                      0x1726d (size before relaxing)
 .debug_str     0x000000000001e40d      0x112 build/lib/boards/edu-ciaa-nxp.a(sysinit_18xx_43xx.o)
                                      0x17518 (size before relaxing)
 .debug_str     0x000000000001e51f      0x38d build/lib/boards/edu-ciaa-nxp.a(uart_18xx_43xx.o)
                                      0x1768e (size before relaxing)

.comment        0x0000000000000000       0x49
 .comment       0x0000000000000000       0x49 build/obj/src/bsp.o
                                         0x4a (size before relaxing)
 .comment       0x0000000000000049       0x4a build/obj/src/digital.o
 .comment       0x0000000000000049       0x4a build/obj/src/main.o
 .comment       0x0000000000000049       0x4a build/obj/src/pantalla.o
 .comment       0x0000000000000049       0x4a build/lib/boards/edu-ciaa-nxp.a(armv7m_startup.o)
 .comment       0x0000000000000049       0x4a build/lib/boards/edu-ciaa-nxp.a(sysinit.o)
 .comment       0x0000000000000049       0x4a build/lib/boards/edu-ciaa-nxp.a(board_lpcopen.o)
 .comment       0x0000000000000049       0x4a build/lib/boards/edu-ciaa-nxp.a(board_sysinit.o)
 .comment       0x0000000000000049       0x4a build/lib/boards/edu-ciaa-nxp.a(adc_18xx_43xx.o)
 .comment       0x0000000000000049       0x4a build/lib/boards/edu-ciaa-nxp.a(chip_18xx_43xx.o)
 .comment       0x0000000000000049       0x4a build/lib/boards/edu-ciaa-nxp.a(clock_18xx_43xx.o)
 .comment       0x0000000000000049       0x4a build/lib/boards/edu-ciaa-nxp.a(gpio_18xx_43xx.o)
 .comment       0x0000000000000049       0x4a build/lib/boards/edu-ciaa-nxp.a(i2c_18xx_43xx.o)
 .comment       0x0000000000000049       0x4a build/lib/boards/edu-ciaa-nxp.a(ssp_18xx_43xx.o)
 .comment       0x0000000000000049       0x4a build/lib/boards/edu-ciaa-nxp.a(sysinit_18xx_43xx.o)
 .comment       0x0000000000000049       0x4a build/lib/boards/edu-ciaa-nxp.a(uart_18xx_43xx.o)

.ARM.attributes
                0x0000000000000000       0x32
 .ARM.attributes
                0x0000000000000000       0x32 build/obj/src/bsp.o
 .ARM.attributes
                0x0000000000000032       0x32 build/obj/src/digital.o
 .ARM.attributes
                0x0000000000000064       0x32 build/obj/src/main.o
 .ARM.attributes
                0x0000000000000096       0x32 build/obj/src/pantalla.o
 .ARM.attributes
                0x00000000000000c8       0x32 build/lib/boards/edu-ciaa-nxp.a(armv7m_startup.o)
 .ARM.attributes
                0x00000000000000fa       0x32 build/lib/boards/edu-ciaa-nxp.a(sysinit.o)
 .ARM.attributes
                0x000000000000012c       0x32 build/lib/boards/edu-ciaa-nxp.a(board_lpcopen.o)
 .ARM.attributes
                0x000000000000015e       0x32 build/lib/boards/edu-ciaa-nxp.a(board_sysinit.o)
 .ARM.attributes
                0x0000000000000190       0x32 build/lib/boards/edu-ciaa-nxp.a(adc_18xx_43xx.o)
 .ARM.attributes
                0x00000000000001c2       0x32 build/lib/boards/edu-ciaa-nxp.a(chip_18xx_43xx.o)
 .ARM.attributes
                0x00000000000001f4       0x32 build/lib/boards/edu-ciaa-nxp.a(clock_18xx_43xx.o)
 .ARM.attributes
                0x0000000000000226       0x32 build/lib/boards/edu-ciaa-nxp.a(gpio_18xx_43xx.o)
 .ARM.attributes
                0x0000000000000258       0x32 build/lib/boards/edu-ciaa-nxp.a(i2c_18xx_43xx.o)
 .ARM.attributes
                0x000000000000028a       0x32 build/lib/boards/edu-ciaa-nxp.a(ssp_18xx_43xx.o)
 .ARM.attributes
                0x00000000000002bc       0x32 build/lib/boards/edu-ciaa-nxp.a(sysinit_18xx_43xx.o)
 .ARM.attributes
                0x00000000000002ee       0x32 build/lib/boards/edu-ciaa-nxp.a(uart_18xx_43xx.o)
 .ARM.attributes
                0x0000000000000320       0x1e /usr/local/share/gcc-arm-none-eabi-10.3-2021.10/bin/../lib/gcc/arm-none-eabi/10.3.1/thumb/v7e-m+fp/softfp/libgcc.a(_aeabi_uldivmod.o)
 .ARM.attributes
                0x000000000000033e       0x32 /usr/local/share/gcc-arm-none-eabi-10.3-2021.10/bin/../lib/gcc/arm-none-eabi/10.3.1/thumb/v7e-m+fp/softfp/libgcc.a(_udivmoddi4.o)
 .ARM.attributes
                0x0000000000000370       0x1e /usr/local/share/gcc-arm-none-eabi-10.3-2021.10/bin/../lib/gcc/arm-none-eabi/10.3.1/thumb/v7e-m+fp/softfp/libgcc.a(_dvmd_tls.o)
 .ARM.attributes
                0x000000000000038e       0x32 /usr/local/share/gcc-arm-none-eabi-10.3-2021.10/bin/../lib/gcc/arm-none-eabi/10.3.1/../../../../arm-none-eabi/lib/thumb/v7e-m+fp/softfp/libc_nano.a(lib_a-init.o)
 .ARM.attributes
                0x00000000000003c0       0x32 /usr/local/share/gcc-arm-none-eabi-10.3-2021.10/bin/../lib/gcc/arm-none-eabi/10.3.1/../../../../arm-none-eabi/lib/thumb/v7e-m+fp/softfp/libc_nano.a(lib_a-memset.o)

.debug_frame    0x0000000000000000     0x2550
 .debug_frame   0x0000000000000000      0x230 build/obj/src/bsp.o
 .debug_frame   0x0000000000000230      0x294 build/obj/src/digital.o
 .debug_frame   0x00000000000004c4       0x30 build/obj/src/main.o
 .debug_frame   0x00000000000004f4       0x7c build/obj/src/pantalla.o
 .debug_frame   0x0000000000000570      0x1b8 build/lib/boards/edu-ciaa-nxp.a(armv7m_startup.o)
 .debug_frame   0x0000000000000728       0x54 build/lib/boards/edu-ciaa-nxp.a(sysinit.o)
 .debug_frame   0x000000000000077c      0x4f4 build/lib/boards/edu-ciaa-nxp.a(board_lpcopen.o)
 .debug_frame   0x0000000000000c70       0xe0 build/lib/boards/edu-ciaa-nxp.a(board_sysinit.o)
 .debug_frame   0x0000000000000d50      0x264 build/lib/boards/edu-ciaa-nxp.a(adc_18xx_43xx.o)
 .debug_frame   0x0000000000000fb4       0xa0 build/lib/boards/edu-ciaa-nxp.a(chip_18xx_43xx.o)
 .debug_frame   0x0000000000001054      0x568 build/lib/boards/edu-ciaa-nxp.a(clock_18xx_43xx.o)
 .debug_frame   0x00000000000015bc       0x60 build/lib/boards/edu-ciaa-nxp.a(gpio_18xx_43xx.o)
 .debug_frame   0x000000000000161c      0x4c8 build/lib/boards/edu-ciaa-nxp.a(i2c_18xx_43xx.o)
 .debug_frame   0x0000000000001ae4      0x3e8 build/lib/boards/edu-ciaa-nxp.a(ssp_18xx_43xx.o)
 .debug_frame   0x0000000000001ecc       0xf4 build/lib/boards/edu-ciaa-nxp.a(sysinit_18xx_43xx.o)
 .debug_frame   0x0000000000001fc0      0x4e4 build/lib/boards/edu-ciaa-nxp.a(uart_18xx_43xx.o)
 .debug_frame   0x00000000000024a4       0x2c /usr/local/share/gcc-arm-none-eabi-10.3-2021.10/bin/../lib/gcc/arm-none-eabi/10.3.1/thumb/v7e-m+fp/softfp/libgcc.a(_aeabi_uldivmod.o)
 .debug_frame   0x00000000000024d0       0x34 /usr/local/share/gcc-arm-none-eabi-10.3-2021.10/bin/../lib/gcc/arm-none-eabi/10.3.1/thumb/v7e-m+fp/softfp/libgcc.a(_udivmoddi4.o)
 .debug_frame   0x0000000000002504       0x2c /usr/local/share/gcc-arm-none-eabi-10.3-2021.10/bin/../lib/gcc/arm-none-eabi/10.3.1/../../../../arm-none-eabi/lib/thumb/v7e-m+fp/softfp/libc_nano.a(lib_a-init.o)
 .debug_frame   0x0000000000002530       0x20 /usr/local/share/gcc-arm-none-eabi-10.3-2021.10/bin/../lib/gcc/arm-none-eabi/10.3.1/../../../../arm-none-eabi/lib/thumb/v7e-m+fp/softfp/libc_nano.a(lib_a-memset.o)

Cross Reference Table

Symbol                                            File
ActivaEntradaDigital                              build/obj/src/digital.o
ActivarSalidaDigital                              build/obj/src/digital.o
AsignarEntradaDigital                             build/obj/src/digital.o
AsignarSalidaDigital                              build/obj/src/digital.o
BoardCreate                                       build/obj/src/bsp.o
                                                  build/obj/src/main.o
Board_ADC_ReadBegin                               build/lib/boards/edu-ciaa-nxp.a(board_lpcopen.o)
Board_ADC_ReadEnd                                 build/lib/boards/edu-ciaa-nxp.a(board_lpcopen.o)
Board_ADC_ReadWait                                build/lib/boards/edu-ciaa-nxp.a(board_lpcopen.o)
Board_Debug_Init                                  build/lib/boards/edu-ciaa-nxp.a(board_lpcopen.o)
Board_Init                                        build/lib/boards/edu-ciaa-nxp.a(board_lpcopen.o)
                                                  build/lib/boards/edu-ciaa-nxp.a(sysinit.o)
Board_LED_Set                                     build/lib/boards/edu-ciaa-nxp.a(board_lpcopen.o)
Board_LED_Test                                    build/lib/boards/edu-ciaa-nxp.a(board_lpcopen.o)
Board_LED_Toggle                                  build/lib/boards/edu-ciaa-nxp.a(board_lpcopen.o)
Board_SetupClocking                               build/lib/boards/edu-ciaa-nxp.a(board_sysinit.o)
Board_SetupMuxing                                 build/lib/boards/edu-ciaa-nxp.a(board_sysinit.o)
Board_SystemInit                                  build/lib/boards/edu-ciaa-nxp.a(board_sysinit.o)
                                                  build/lib/boards/edu-ciaa-nxp.a(sysinit.o)
Board_TEC_GetStatus                               build/lib/boards/edu-ciaa-nxp.a(board_lpcopen.o)
Board_UARTGetChar                                 build/lib/boards/edu-ciaa-nxp.a(board_lpcopen.o)
Board_UARTPutChar                                 build/lib/boards/edu-ciaa-nxp.a(board_lpcopen.o)
Board_UARTPutSTR                                  build/lib/boards/edu-ciaa-nxp.a(board_lpcopen.o)
BusFault_Handler                                  build/lib/boards/edu-ciaa-nxp.a(armv7m_startup.o)
CambiarSalidaDigital                              build/obj/src/digital.o
CambioEntradaDigital                              build/obj/src/digital.o
Chip_ADC_DeInit                                   build/lib/boards/edu-ciaa-nxp.a(adc_18xx_43xx.o)
Chip_ADC_EnableChannel                            build/lib/boards/edu-ciaa-nxp.a(adc_18xx_43xx.o)
                                                  build/lib/boards/edu-ciaa-nxp.a(board_lpcopen.o)
Chip_ADC_Init                                     build/lib/boards/edu-ciaa-nxp.a(adc_18xx_43xx.o)
                                                  build/lib/boards/edu-ciaa-nxp.a(board_lpcopen.o)
Chip_ADC_Int_SetChannelCmd                        build/lib/boards/edu-ciaa-nxp.a(adc_18xx_43xx.o)
Chip_ADC_ReadByte                                 build/lib/boards/edu-ciaa-nxp.a(adc_18xx_43xx.o)
Chip_ADC_ReadStatus                               build/lib/boards/edu-ciaa-nxp.a(adc_18xx_43xx.o)
                                                  build/lib/boards/edu-ciaa-nxp.a(board_lpcopen.o)
Chip_ADC_ReadValue                                build/lib/boards/edu-ciaa-nxp.a(adc_18xx_43xx.o)
                                                  build/lib/boards/edu-ciaa-nxp.a(board_lpcopen.o)
Chip_ADC_SetBurstCmd                              build/lib/boards/edu-ciaa-nxp.a(adc_18xx_43xx.o)
                                                  build/lib/boards/edu-ciaa-nxp.a(board_lpcopen.o)
Chip_ADC_SetResolution                            build/lib/boards/edu-ciaa-nxp.a(adc_18xx_43xx.o)
                                                  build/lib/boards/edu-ciaa-nxp.a(board_lpcopen.o)
Chip_ADC_SetSampleRate                            build/lib/boards/edu-ciaa-nxp.a(adc_18xx_43xx.o)
                                                  build/lib/boards/edu-ciaa-nxp.a(board_lpcopen.o)
Chip_ADC_SetStartMode                             build/lib/boards/edu-ciaa-nxp.a(adc_18xx_43xx.o)
                                                  build/lib/boards/edu-ciaa-nxp.a(board_lpcopen.o)
Chip_Clock_CalcMainPLLValue                       build/lib/boards/edu-ciaa-nxp.a(clock_18xx_43xx.o)
                                                  build/lib/boards/edu-ciaa-nxp.a(sysinit_18xx_43xx.o)
Chip_Clock_ClearPowerDown                         build/lib/boards/edu-ciaa-nxp.a(clock_18xx_43xx.o)
Chip_Clock_Disable                                build/lib/boards/edu-ciaa-nxp.a(clock_18xx_43xx.o)
                                                  build/lib/boards/edu-ciaa-nxp.a(uart_18xx_43xx.o)
                                                  build/lib/boards/edu-ciaa-nxp.a(ssp_18xx_43xx.o)
                                                  build/lib/boards/edu-ciaa-nxp.a(i2c_18xx_43xx.o)
                                                  build/lib/boards/edu-ciaa-nxp.a(adc_18xx_43xx.o)
Chip_Clock_DisableBaseClock                       build/lib/boards/edu-ciaa-nxp.a(clock_18xx_43xx.o)
Chip_Clock_DisableCrystal                         build/lib/boards/edu-ciaa-nxp.a(clock_18xx_43xx.o)
Chip_Clock_DisablePLL                             build/lib/boards/edu-ciaa-nxp.a(clock_18xx_43xx.o)
Chip_Clock_Enable                                 build/lib/boards/edu-ciaa-nxp.a(clock_18xx_43xx.o)
                                                  build/lib/boards/edu-ciaa-nxp.a(ssp_18xx_43xx.o)
                                                  build/lib/boards/edu-ciaa-nxp.a(i2c_18xx_43xx.o)
Chip_Clock_EnableBaseClock                        build/lib/boards/edu-ciaa-nxp.a(clock_18xx_43xx.o)
                                                  build/lib/boards/edu-ciaa-nxp.a(chip_18xx_43xx.o)
Chip_Clock_EnableCrystal                          build/lib/boards/edu-ciaa-nxp.a(clock_18xx_43xx.o)
                                                  build/lib/boards/edu-ciaa-nxp.a(sysinit_18xx_43xx.o)
Chip_Clock_EnableOpts                             build/lib/boards/edu-ciaa-nxp.a(clock_18xx_43xx.o)
                                                  build/lib/boards/edu-ciaa-nxp.a(uart_18xx_43xx.o)
                                                  build/lib/boards/edu-ciaa-nxp.a(chip_18xx_43xx.o)
                                                  build/lib/boards/edu-ciaa-nxp.a(adc_18xx_43xx.o)
Chip_Clock_EnablePLL                              build/lib/boards/edu-ciaa-nxp.a(clock_18xx_43xx.o)
                                                  build/lib/boards/edu-ciaa-nxp.a(chip_18xx_43xx.o)
Chip_Clock_GetBaseClock                           build/lib/boards/edu-ciaa-nxp.a(clock_18xx_43xx.o)
Chip_Clock_GetBaseClockOpts                       build/lib/boards/edu-ciaa-nxp.a(clock_18xx_43xx.o)
Chip_Clock_GetBaseClocktHz                        build/lib/boards/edu-ciaa-nxp.a(clock_18xx_43xx.o)
Chip_Clock_GetClockInputHz                        build/lib/boards/edu-ciaa-nxp.a(clock_18xx_43xx.o)
                                                  build/lib/boards/edu-ciaa-nxp.a(chip_18xx_43xx.o)
Chip_Clock_GetDividerDivisor                      build/lib/boards/edu-ciaa-nxp.a(clock_18xx_43xx.o)
Chip_Clock_GetDividerSource                       build/lib/boards/edu-ciaa-nxp.a(clock_18xx_43xx.o)
Chip_Clock_GetEMCRate                             build/lib/boards/edu-ciaa-nxp.a(clock_18xx_43xx.o)
Chip_Clock_GetMainPLLHz                           build/lib/boards/edu-ciaa-nxp.a(clock_18xx_43xx.o)
Chip_Clock_GetPLLStatus                           build/lib/boards/edu-ciaa-nxp.a(clock_18xx_43xx.o)
                                                  build/lib/boards/edu-ciaa-nxp.a(chip_18xx_43xx.o)
Chip_Clock_GetRate                                build/lib/boards/edu-ciaa-nxp.a(clock_18xx_43xx.o)
                                                  build/lib/boards/edu-ciaa-nxp.a(uart_18xx_43xx.o)
                                                  build/lib/boards/edu-ciaa-nxp.a(ssp_18xx_43xx.o)
                                                  build/lib/boards/edu-ciaa-nxp.a(i2c_18xx_43xx.o)
                                                  build/lib/boards/edu-ciaa-nxp.a(chip_18xx_43xx.o)
                                                  build/lib/boards/edu-ciaa-nxp.a(adc_18xx_43xx.o)
Chip_Clock_IsBaseClockEnabled                     build/lib/boards/edu-ciaa-nxp.a(clock_18xx_43xx.o)
Chip_Clock_RTCEnable                              build/lib/boards/edu-ciaa-nxp.a(clock_18xx_43xx.o)
Chip_Clock_SetBaseClock                           build/lib/boards/edu-ciaa-nxp.a(clock_18xx_43xx.o)
                                                  build/lib/boards/edu-ciaa-nxp.a(sysinit_18xx_43xx.o)
                                                  build/lib/boards/edu-ciaa-nxp.a(chip_18xx_43xx.o)
                                                  build/lib/boards/edu-ciaa-nxp.a(board_sysinit.o)
Chip_Clock_SetDivider                             build/lib/boards/edu-ciaa-nxp.a(clock_18xx_43xx.o)
                                                  build/lib/boards/edu-ciaa-nxp.a(chip_18xx_43xx.o)
Chip_Clock_SetupMainPLLHz                         build/lib/boards/edu-ciaa-nxp.a(clock_18xx_43xx.o)
Chip_Clock_SetupMainPLLMult                       build/lib/boards/edu-ciaa-nxp.a(clock_18xx_43xx.o)
Chip_Clock_SetupPLL                               build/lib/boards/edu-ciaa-nxp.a(clock_18xx_43xx.o)
                                                  build/lib/boards/edu-ciaa-nxp.a(chip_18xx_43xx.o)
Chip_Clock_StartPowerDown                         build/lib/boards/edu-ciaa-nxp.a(clock_18xx_43xx.o)
Chip_GPIO_DeInit                                  build/lib/boards/edu-ciaa-nxp.a(gpio_18xx_43xx.o)
Chip_GPIO_Init                                    build/lib/boards/edu-ciaa-nxp.a(gpio_18xx_43xx.o)
                                                  build/lib/boards/edu-ciaa-nxp.a(board_lpcopen.o)
Chip_I2C_DeInit                                   build/lib/boards/edu-ciaa-nxp.a(i2c_18xx_43xx.o)
Chip_I2C_Disable                                  build/lib/boards/edu-ciaa-nxp.a(i2c_18xx_43xx.o)
Chip_I2C_EventHandler                             build/lib/boards/edu-ciaa-nxp.a(i2c_18xx_43xx.o)
Chip_I2C_EventHandlerPolling                      build/lib/boards/edu-ciaa-nxp.a(i2c_18xx_43xx.o)
Chip_I2C_GetClockRate                             build/lib/boards/edu-ciaa-nxp.a(i2c_18xx_43xx.o)
Chip_I2C_GetMasterEventHandler                    build/lib/boards/edu-ciaa-nxp.a(i2c_18xx_43xx.o)
Chip_I2C_Init                                     build/lib/boards/edu-ciaa-nxp.a(i2c_18xx_43xx.o)
                                                  build/lib/boards/edu-ciaa-nxp.a(board_lpcopen.o)
Chip_I2C_IsMasterActive                           build/lib/boards/edu-ciaa-nxp.a(i2c_18xx_43xx.o)
Chip_I2C_IsStateChanged                           build/lib/boards/edu-ciaa-nxp.a(i2c_18xx_43xx.o)
Chip_I2C_MasterCmdRead                            build/lib/boards/edu-ciaa-nxp.a(i2c_18xx_43xx.o)
Chip_I2C_MasterRead                               build/lib/boards/edu-ciaa-nxp.a(i2c_18xx_43xx.o)
Chip_I2C_MasterSend                               build/lib/boards/edu-ciaa-nxp.a(i2c_18xx_43xx.o)
Chip_I2C_MasterStateHandler                       build/lib/boards/edu-ciaa-nxp.a(i2c_18xx_43xx.o)
Chip_I2C_MasterTransfer                           build/lib/boards/edu-ciaa-nxp.a(i2c_18xx_43xx.o)
Chip_I2C_SetClockRate                             build/lib/boards/edu-ciaa-nxp.a(i2c_18xx_43xx.o)
                                                  build/lib/boards/edu-ciaa-nxp.a(board_lpcopen.o)
Chip_I2C_SetMasterEventHandler                    build/lib/boards/edu-ciaa-nxp.a(i2c_18xx_43xx.o)
Chip_I2C_SlaveSetup                               build/lib/boards/edu-ciaa-nxp.a(i2c_18xx_43xx.o)
Chip_I2C_SlaveStateHandler                        build/lib/boards/edu-ciaa-nxp.a(i2c_18xx_43xx.o)
Chip_SSP_DeInit                                   build/lib/boards/edu-ciaa-nxp.a(ssp_18xx_43xx.o)
Chip_SSP_Init                                     build/lib/boards/edu-ciaa-nxp.a(ssp_18xx_43xx.o)
                                                  build/lib/boards/edu-ciaa-nxp.a(board_lpcopen.o)
Chip_SSP_Int_FlushData                            build/lib/boards/edu-ciaa-nxp.a(ssp_18xx_43xx.o)
Chip_SSP_Int_RWFrames16Bits                       build/lib/boards/edu-ciaa-nxp.a(ssp_18xx_43xx.o)
Chip_SSP_Int_RWFrames8Bits                        build/lib/boards/edu-ciaa-nxp.a(ssp_18xx_43xx.o)
Chip_SSP_RWFrames_Blocking                        build/lib/boards/edu-ciaa-nxp.a(ssp_18xx_43xx.o)
Chip_SSP_ReadFrames_Blocking                      build/lib/boards/edu-ciaa-nxp.a(ssp_18xx_43xx.o)
Chip_SSP_SetBitRate                               build/lib/boards/edu-ciaa-nxp.a(ssp_18xx_43xx.o)
                                                  build/lib/boards/edu-ciaa-nxp.a(board_lpcopen.o)
Chip_SSP_SetClockRate                             build/lib/boards/edu-ciaa-nxp.a(ssp_18xx_43xx.o)
Chip_SSP_SetMaster                                build/lib/boards/edu-ciaa-nxp.a(ssp_18xx_43xx.o)
Chip_SSP_WriteFrames_Blocking                     build/lib/boards/edu-ciaa-nxp.a(ssp_18xx_43xx.o)
Chip_SetupCoreClock                               build/lib/boards/edu-ciaa-nxp.a(sysinit_18xx_43xx.o)
                                                  build/lib/boards/edu-ciaa-nxp.a(board_sysinit.o)
Chip_SetupIrcClocking                             build/lib/boards/edu-ciaa-nxp.a(sysinit_18xx_43xx.o)
Chip_SetupXtalClocking                            build/lib/boards/edu-ciaa-nxp.a(sysinit_18xx_43xx.o)
Chip_SystemInit                                   build/lib/boards/edu-ciaa-nxp.a(sysinit_18xx_43xx.o)
Chip_UART_ABCmd                                   build/lib/boards/edu-ciaa-nxp.a(uart_18xx_43xx.o)
Chip_UART_CheckBusy                               build/lib/boards/edu-ciaa-nxp.a(uart_18xx_43xx.o)
Chip_UART_DeInit                                  build/lib/boards/edu-ciaa-nxp.a(uart_18xx_43xx.o)
Chip_UART_GetABEOStatus                           build/lib/boards/edu-ciaa-nxp.a(uart_18xx_43xx.o)
Chip_UART_IRQRBHandler                            build/lib/boards/edu-ciaa-nxp.a(uart_18xx_43xx.o)
Chip_UART_Init                                    build/lib/boards/edu-ciaa-nxp.a(uart_18xx_43xx.o)
                                                  build/lib/boards/edu-ciaa-nxp.a(board_lpcopen.o)
Chip_UART_RXIntHandlerRB                          build/lib/boards/edu-ciaa-nxp.a(uart_18xx_43xx.o)
Chip_UART_Read                                    build/lib/boards/edu-ciaa-nxp.a(uart_18xx_43xx.o)
Chip_UART_ReadBlocking                            build/lib/boards/edu-ciaa-nxp.a(uart_18xx_43xx.o)
Chip_UART_ReadRB                                  build/lib/boards/edu-ciaa-nxp.a(uart_18xx_43xx.o)
Chip_UART_Send                                    build/lib/boards/edu-ciaa-nxp.a(uart_18xx_43xx.o)
Chip_UART_SendBlocking                            build/lib/boards/edu-ciaa-nxp.a(uart_18xx_43xx.o)
Chip_UART_SendRB                                  build/lib/boards/edu-ciaa-nxp.a(uart_18xx_43xx.o)
Chip_UART_SetBaud                                 build/lib/boards/edu-ciaa-nxp.a(uart_18xx_43xx.o)
Chip_UART_SetBaudFDR                              build/lib/boards/edu-ciaa-nxp.a(uart_18xx_43xx.o)
                                                  build/lib/boards/edu-ciaa-nxp.a(board_lpcopen.o)
Chip_UART_TXIntHandlerRB                          build/lib/boards/edu-ciaa-nxp.a(uart_18xx_43xx.o)
Chip_USB0_Init                                    build/lib/boards/edu-ciaa-nxp.a(chip_18xx_43xx.o)
Chip_USB1_Init                                    build/lib/boards/edu-ciaa-nxp.a(chip_18xx_43xx.o)
CrearEntradaDigital                               build/obj/src/digital.o
                                                  build/obj/src/bsp.o
CrearPantalla                                     build/obj/src/pantalla.o
                                                  build/obj/src/bsp.o
CrearSalidaDigital                                build/obj/src/digital.o
                                                  build/obj/src/bsp.o
DebugMon_Handler                                  build/lib/boards/edu-ciaa-nxp.a(armv7m_startup.o)
DesactivaEntradaDigital                           build/obj/src/digital.o
DesactivarSalidaDigital                           build/obj/src/digital.o
EscribirPantallaBCD                               build/obj/src/pantalla.o
                                                  build/obj/src/main.o
ExtRateIn                                         build/lib/boards/edu-ciaa-nxp.a(board_lpcopen.o)
                                                  build/lib/boards/edu-ciaa-nxp.a(clock_18xx_43xx.o)
GetStateEntradaDigital                            build/obj/src/digital.o
HardFault_Handler                                 build/lib/boards/edu-ciaa-nxp.a(armv7m_startup.o)
MemManage_Handler                                 build/lib/boards/edu-ciaa-nxp.a(armv7m_startup.o)
NMI_Handler                                       build/lib/boards/edu-ciaa-nxp.a(armv7m_startup.o)
OscRateIn                                         build/lib/boards/edu-ciaa-nxp.a(board_lpcopen.o)
                                                  build/lib/boards/edu-ciaa-nxp.a(clock_18xx_43xx.o)
PendSV_Handler                                    build/lib/boards/edu-ciaa-nxp.a(armv7m_startup.o)
RefrescarPantalla                                 build/obj/src/pantalla.o
                                                  build/obj/src/main.o
Reset_Handler                                     build/lib/boards/edu-ciaa-nxp.a(armv7m_startup.o)
RingBuffer_Init                                   build/lib/boards/edu-ciaa-nxp.a(ring_buffer.o)
RingBuffer_Insert                                 build/lib/boards/edu-ciaa-nxp.a(ring_buffer.o)
                                                  build/lib/boards/edu-ciaa-nxp.a(uart_18xx_43xx.o)
RingBuffer_InsertMult                             build/lib/boards/edu-ciaa-nxp.a(ring_buffer.o)
                                                  build/lib/boards/edu-ciaa-nxp.a(uart_18xx_43xx.o)
RingBuffer_Pop                                    build/lib/boards/edu-ciaa-nxp.a(ring_buffer.o)
                                                  build/lib/boards/edu-ciaa-nxp.a(uart_18xx_43xx.o)
RingBuffer_PopMult                                build/lib/boards/edu-ciaa-nxp.a(ring_buffer.o)
                                                  build/lib/boards/edu-ciaa-nxp.a(uart_18xx_43xx.o)
SVC_Handler                                       build/lib/boards/edu-ciaa-nxp.a(armv7m_startup.o)
SysTick_Handler                                   build/lib/boards/edu-ciaa-nxp.a(armv7m_startup.o)
SystemCoreClock                                   build/lib/boards/edu-ciaa-nxp.a(chip_18xx_43xx.o)
SystemCoreClockUpdate                             build/lib/boards/edu-ciaa-nxp.a(chip_18xx_43xx.o)
                                                  build/lib/boards/edu-ciaa-nxp.a(board_sysinit.o)
SystemInit                                        build/lib/boards/edu-ciaa-nxp.a(sysinit.o)
                                                  build/lib/boards/edu-ciaa-nxp.a(armv7m_startup.o)
UsageFault_Handler                                build/lib/boards/edu-ciaa-nxp.a(armv7m_startup.o)
__aeabi_idiv0                                     /usr/local/share/gcc-arm-none-eabi-10.3-2021.10/bin/../lib/gcc/arm-none-eabi/10.3.1/thumb/v7e-m+fp/softfp/libgcc.a(_dvmd_tls.o)
__aeabi_ldiv0                                     /usr/local/share/gcc-arm-none-eabi-10.3-2021.10/bin/../lib/gcc/arm-none-eabi/10.3.1/thumb/v7e-m+fp/softfp/libgcc.a(_dvmd_tls.o)
                                                  /usr/local/share/gcc-arm-none-eabi-10.3-2021.10/bin/../lib/gcc/arm-none-eabi/10.3.1/thumb/v7e-m+fp/softfp/libgcc.a(_aeabi_uldivmod.o)
__aeabi_uldivmod                                  /usr/local/share/gcc-arm-none-eabi-10.3-2021.10/bin/../lib/gcc/arm-none-eabi/10.3.1/thumb/v7e-m+fp/softfp/libgcc.a(_aeabi_uldivmod.o)
                                                  build/lib/boards/edu-ciaa-nxp.a(uart_18xx_43xx.o)
__bss_section_table_end                           build/lib/boards/edu-ciaa-nxp.a(armv7m_startup.o)
__data_section_table                              build/lib/boards/edu-ciaa-nxp.a(armv7m_startup.o)
__data_section_table_end                          build/lib/boards/edu-ciaa-nxp.a(armv7m_startup.o)
__init_array_end                                  /usr/local/share/gcc-arm-none-eabi-10.3-2021.10/bin/../lib/gcc/arm-none-eabi/10.3.1/../../../../arm-none-eabi/lib/thumb/v7e-m+fp/softfp/libc_nano.a(lib_a-init.o)
__init_array_start                                /usr/local/share/gcc-arm-none-eabi-10.3-2021.10/bin/../lib/gcc/arm-none-eabi/10.3.1/../../../../arm-none-eabi/lib/thumb/v7e-m+fp/softfp/libc_nano.a(lib_a-init.o)
__libc_init_array                                 /usr/local/share/gcc-arm-none-eabi-10.3-2021.10/bin/../lib/gcc/arm-none-eabi/10.3.1/../../../../arm-none-eabi/lib/thumb/v7e-m+fp/softfp/libc_nano.a(lib_a-init.o)
                                                  build/lib/boards/edu-ciaa-nxp.a(armv7m_startup.o)
__preinit_array_end                               /usr/local/share/gcc-arm-none-eabi-10.3-2021.10/bin/../lib/gcc/arm-none-eabi/10.3.1/../../../../arm-none-eabi/lib/thumb/v7e-m+fp/softfp/libc_nano.a(lib_a-init.o)
__preinit_array_start                             /usr/local/share/gcc-arm-none-eabi-10.3-2021.10/bin/../lib/gcc/arm-none-eabi/10.3.1/../../../../arm-none-eabi/lib/thumb/v7e-m+fp/softfp/libc_nano.a(lib_a-init.o)
__stdio_getchar                                   build/lib/boards/edu-ciaa-nxp.a(board_lpcopen.o)
__stdio_init                                      build/lib/boards/edu-ciaa-nxp.a(board_lpcopen.o)
__stdio_putchar                                   build/lib/boards/edu-ciaa-nxp.a(board_lpcopen.o)
__udivmoddi4                                      /usr/local/share/gcc-arm-none-eabi-10.3-2021.10/bin/../lib/gcc/arm-none-eabi/10.3.1/thumb/v7e-m+fp/softfp/libgcc.a(_udivmoddi4.o)
                                                  /usr/local/share/gcc-arm-none-eabi-10.3-2021.10/bin/../lib/gcc/arm-none-eabi/10.3.1/thumb/v7e-m+fp/softfp/libgcc.a(_aeabi_uldivmod.o)
__valid_user_code_checksum                        build/lib/boards/edu-ciaa-nxp.a(armv7m_startup.o)
_fini                                             build/lib/boards/edu-ciaa-nxp.a(armv7m_startup.o)
_init                                             build/lib/boards/edu-ciaa-nxp.a(armv7m_startup.o)
                                                  /usr/local/share/gcc-arm-none-eabi-10.3-2021.10/bin/../lib/gcc/arm-none-eabi/10.3.1/../../../../arm-none-eabi/lib/thumb/v7e-m+fp/softfp/libc_nano.a(lib_a-init.o)
_vStackTop                                        build/lib/boards/edu-ciaa-nxp.a(armv7m_startup.o)
bss_init                                          build/lib/boards/edu-ciaa-nxp.a(armv7m_startup.o)
data_init                                         build/lib/boards/edu-ciaa-nxp.a(armv7m_startup.o)
g_pfnVectors                                      build/lib/boards/edu-ciaa-nxp.a(armv7m_startup.o)
                                                  build/lib/boards/edu-ciaa-nxp.a(sysinit.o)
getSlaveIndex                                     build/lib/boards/edu-ciaa-nxp.a(i2c_18xx_43xx.o)
handleMasterXferState                             build/lib/boards/edu-ciaa-nxp.a(i2c_18xx_43xx.o)
handleSlaveXferState                              build/lib/boards/edu-ciaa-nxp.a(i2c_18xx_43xx.o)
initialise_monitor_handles                        build/lib/boards/edu-ciaa-nxp.a(armv7m_startup.o)
main                                              build/obj/src/main.o
                                                  build/lib/boards/edu-ciaa-nxp.a(armv7m_startup.o)
memcpy                                            /usr/local/share/gcc-arm-none-eabi-10.3-2021.10/bin/../lib/gcc/arm-none-eabi/10.3.1/../../../../arm-none-eabi/lib/thumb/v7e-m+fp/softfp/libc_nano.a(lib_a-memcpy-stub.o)
                                                  build/lib/boards/edu-ciaa-nxp.a(ring_buffer.o)
memset                                            /usr/local/share/gcc-arm-none-eabi-10.3-2021.10/bin/../lib/gcc/arm-none-eabi/10.3.1/../../../../arm-none-eabi/lib/thumb/v7e-m+fp/softfp/libc_nano.a(lib_a-memset.o)
                                                  build/lib/boards/edu-ciaa-nxp.a(clock_18xx_43xx.o)
                                                  build/obj/src/pantalla.o
readAdcVal                                        build/lib/boards/edu-ciaa-nxp.a(adc_18xx_43xx.o)
setStartMode                                      build/lib/boards/edu-ciaa-nxp.a(adc_18xx_43xx.o)
